Archive member included because of file (symbol)

c:/program files (x86)/atmel/atmel toolchain/avr8 gcc/native/3.4.1061/avr8-gnu-toolchain/bin/../lib/gcc/avr/4.8.1/../../../../avr/lib/avr51\libm.a(addsf3.o)
                              main.o (__subsf3)
c:/program files (x86)/atmel/atmel toolchain/avr8 gcc/native/3.4.1061/avr8-gnu-toolchain/bin/../lib/gcc/avr/4.8.1/../../../../avr/lib/avr51\libm.a(addsf3x.o)
                              c:/program files (x86)/atmel/atmel toolchain/avr8 gcc/native/3.4.1061/avr8-gnu-toolchain/bin/../lib/gcc/avr/4.8.1/../../../../avr/lib/avr51\libm.a(addsf3.o) (__addsf3x)
c:/program files (x86)/atmel/atmel toolchain/avr8 gcc/native/3.4.1061/avr8-gnu-toolchain/bin/../lib/gcc/avr/4.8.1/../../../../avr/lib/avr51\libm.a(divsf3.o)
                              main.o (__divsf3)
c:/program files (x86)/atmel/atmel toolchain/avr8 gcc/native/3.4.1061/avr8-gnu-toolchain/bin/../lib/gcc/avr/4.8.1/../../../../avr/lib/avr51\libm.a(divsf3x.o)
                              c:/program files (x86)/atmel/atmel toolchain/avr8 gcc/native/3.4.1061/avr8-gnu-toolchain/bin/../lib/gcc/avr/4.8.1/../../../../avr/lib/avr51\libm.a(divsf3.o) (__divsf3x)
c:/program files (x86)/atmel/atmel toolchain/avr8 gcc/native/3.4.1061/avr8-gnu-toolchain/bin/../lib/gcc/avr/4.8.1/../../../../avr/lib/avr51\libm.a(floatsisf.o)
                              main.o (__floatunsisf)
c:/program files (x86)/atmel/atmel toolchain/avr8 gcc/native/3.4.1061/avr8-gnu-toolchain/bin/../lib/gcc/avr/4.8.1/../../../../avr/lib/avr51\libm.a(fp_inf.o)
                              c:/program files (x86)/atmel/atmel toolchain/avr8 gcc/native/3.4.1061/avr8-gnu-toolchain/bin/../lib/gcc/avr/4.8.1/../../../../avr/lib/avr51\libm.a(addsf3x.o) (__fp_inf)
c:/program files (x86)/atmel/atmel toolchain/avr8 gcc/native/3.4.1061/avr8-gnu-toolchain/bin/../lib/gcc/avr/4.8.1/../../../../avr/lib/avr51\libm.a(fp_nan.o)
                              c:/program files (x86)/atmel/atmel toolchain/avr8 gcc/native/3.4.1061/avr8-gnu-toolchain/bin/../lib/gcc/avr/4.8.1/../../../../avr/lib/avr51\libm.a(addsf3x.o) (__fp_nan)
c:/program files (x86)/atmel/atmel toolchain/avr8 gcc/native/3.4.1061/avr8-gnu-toolchain/bin/../lib/gcc/avr/4.8.1/../../../../avr/lib/avr51\libm.a(fp_pscA.o)
                              c:/program files (x86)/atmel/atmel toolchain/avr8 gcc/native/3.4.1061/avr8-gnu-toolchain/bin/../lib/gcc/avr/4.8.1/../../../../avr/lib/avr51\libm.a(addsf3x.o) (__fp_pscA)
c:/program files (x86)/atmel/atmel toolchain/avr8 gcc/native/3.4.1061/avr8-gnu-toolchain/bin/../lib/gcc/avr/4.8.1/../../../../avr/lib/avr51\libm.a(fp_pscB.o)
                              c:/program files (x86)/atmel/atmel toolchain/avr8 gcc/native/3.4.1061/avr8-gnu-toolchain/bin/../lib/gcc/avr/4.8.1/../../../../avr/lib/avr51\libm.a(addsf3x.o) (__fp_pscB)
c:/program files (x86)/atmel/atmel toolchain/avr8 gcc/native/3.4.1061/avr8-gnu-toolchain/bin/../lib/gcc/avr/4.8.1/../../../../avr/lib/avr51\libm.a(fp_round.o)
                              c:/program files (x86)/atmel/atmel toolchain/avr8 gcc/native/3.4.1061/avr8-gnu-toolchain/bin/../lib/gcc/avr/4.8.1/../../../../avr/lib/avr51\libm.a(addsf3.o) (__fp_round)
c:/program files (x86)/atmel/atmel toolchain/avr8 gcc/native/3.4.1061/avr8-gnu-toolchain/bin/../lib/gcc/avr/4.8.1/../../../../avr/lib/avr51\libm.a(fp_split3.o)
                              c:/program files (x86)/atmel/atmel toolchain/avr8 gcc/native/3.4.1061/avr8-gnu-toolchain/bin/../lib/gcc/avr/4.8.1/../../../../avr/lib/avr51\libm.a(addsf3x.o) (__fp_split3)
c:/program files (x86)/atmel/atmel toolchain/avr8 gcc/native/3.4.1061/avr8-gnu-toolchain/bin/../lib/gcc/avr/4.8.1/../../../../avr/lib/avr51\libm.a(fp_zero.o)
                              c:/program files (x86)/atmel/atmel toolchain/avr8 gcc/native/3.4.1061/avr8-gnu-toolchain/bin/../lib/gcc/avr/4.8.1/../../../../avr/lib/avr51\libm.a(addsf3x.o) (__fp_zero)
c:/program files (x86)/atmel/atmel toolchain/avr8 gcc/native/3.4.1061/avr8-gnu-toolchain/bin/../lib/gcc/avr/4.8.1/../../../../avr/lib/avr51\libm.a(gesf2.o)
                              main.o (__gtsf2)
c:/program files (x86)/atmel/atmel toolchain/avr8 gcc/native/3.4.1061/avr8-gnu-toolchain/bin/../lib/gcc/avr/4.8.1/../../../../avr/lib/avr51\libm.a(mulsf3.o)
                              main.o (__mulsf3)
c:/program files (x86)/atmel/atmel toolchain/avr8 gcc/native/3.4.1061/avr8-gnu-toolchain/bin/../lib/gcc/avr/4.8.1/../../../../avr/lib/avr51\libm.a(mulsf3x.o)
                              c:/program files (x86)/atmel/atmel toolchain/avr8 gcc/native/3.4.1061/avr8-gnu-toolchain/bin/../lib/gcc/avr/4.8.1/../../../../avr/lib/avr51\libm.a(mulsf3.o) (__mulsf3x)
c:/program files (x86)/atmel/atmel toolchain/avr8 gcc/native/3.4.1061/avr8-gnu-toolchain/bin/../lib/gcc/avr/4.8.1/../../../../avr/lib/avr51\libm.a(fp_cmp.o)
[...]
Memory Configuration

Name             Origin             Length             Attributes
text             0x00000000         0x00020000         xr
data             0x00800100         0x0000ff00         rw !x
eeprom           0x00810000         0x00010000         rw !x
fuse             0x00820000         0x00000400         rw !x
lock             0x00830000         0x00000400         rw !x
signature        0x00840000         0x00000400         rw !x
user_signatures  0x00850000         0x00000400         rw !x
*default*        0x00000000         0xffffffff

Linker script and memory map

Address of section .data set to 0x800100
LOAD c:/program files (x86)/atmel/atmel toolchain/avr8 gcc/native/3.4.1061/avr8-gnu-toolchain/bin/../lib/gcc/avr/4.8.1/../../../../avr/lib/avr51/crtm128.o
LOAD iot.o
LOAD irRemote.o
LOAD main.o
START GROUP
LOAD c:/program files (x86)/atmel/atmel toolchain/avr8 gcc/native/3.4.1061/avr8-gnu-toolchain/bin/../lib/gcc/avr/4.8.1/../../../../avr/lib/avr51\libm.a
END GROUP
LOAD c:/program files (x86)/atmel/atmel toolchain/avr8 gcc/native/3.4.1061/avr8-gnu-toolchain/bin/../lib/gcc/avr/4.8.1/avr51\libgcc.a
LOAD c:/program files (x86)/atmel/atmel toolchain/avr8 gcc/native/3.4.1061/avr8-gnu-toolchain/bin/../lib/gcc/avr/4.8.1/../../../../avr/lib/avr51\libm.a
START GROUP
LOAD c:/program files (x86)/atmel/atmel toolchain/avr8 gcc/native/3.4.1061/avr8-gnu-toolchain/bin/../lib/gcc/avr/4.8.1/avr51\libgcc.a
LOAD c:/program files (x86)/atmel/atmel toolchain/avr8 gcc/native/3.4.1061/avr8-gnu-toolchain/bin/../lib/gcc/avr/4.8.1/../../../../avr/lib/avr51\libm.a
LOAD c:/program files (x86)/atmel/atmel toolchain/avr8 gcc/native/3.4.1061/avr8-gnu-toolchain/bin/../lib/gcc/avr/4.8.1/../../../../avr/lib/avr51\libc.a
END GROUP

.hash
 *(.hash)

.dynsym
 *(.dynsym)

.dynstr
 *(.dynstr)

.gnu.version
 *(.gnu.version)

.gnu.version_d
 *(.gnu.version_d)

.gnu.version_r
 *(.gnu.version_r)

.rel.init
 *(.rel.init)

.rela.init
 *(.rela.init)

.rel.text
 *(.rel.text)
 *(.rel.text.*)
 *(.rel.gnu.linkonce.t*)

.rela.text
 *(.rela.text)
 *(.rela.text.*)
 *(.rela.gnu.linkonce.t*)

.rel.fini
 *(.rel.fini)

.rela.fini
 *(.rela.fini)

.rel.rodata
 *(.rel.rodata)
 *(.rel.rodata.*)
 *(.rel.gnu.linkonce.r*)

.rela.rodata
 *(.rela.rodata)
 *(.rela.rodata.*)
 *(.rela.gnu.linkonce.r*)

.rel.data
 *(.rel.data)
 *(.rel.data.*)
 *(.rel.gnu.linkonce.d*)

.rela.data
 *(.rela.data)
 *(.rela.data.*)
 *(.rela.gnu.linkonce.d*)

.rel.ctors
 *(.rel.ctors)

.rela.ctors
 *(.rela.ctors)

.rel.dtors
 *(.rel.dtors)

.rela.dtors
 *(.rela.dtors)

.rel.got
 *(.rel.got)

.rela.got
 *(.rela.got)

.rel.bss
 *(.rel.bss)

.rela.bss
 *(.rela.bss)

.rel.plt
 *(.rel.plt)

.rela.plt
 *(.rela.plt)

.text           0x00000000     0x6994
 *(.vectors)
 .vectors       0x00000000       0x8c c:/program files (x86)/atmel/atmel toolchain/avr8 gcc/native/3.4.1061/avr8-gnu-toolchain/bin/../lib/gcc/avr/4.8.1/../../../../avr/lib/avr51/crtm128.o
                0x00000000                __vector_default
                0x00000000                __vectors
 *(.vectors)
 *(.progmem.gcc*)
                0x0000008c                . = ALIGN (0x2)
                0x0000008c                __trampolines_start = .
 *(.trampolines)
 .trampolines   0x0000008c        0x0 linker stubs
 *(.trampolines*)
                0x0000008c                __trampolines_end = .
 *(.progmem*)
 .progmem.data  0x0000008c       0xfa c:/program files (x86)/atmel/atmel toolchain/avr8 gcc/native/3.4.1061/avr8-gnu-toolchain/bin/../lib/gcc/avr/4.8.1/../../../../avr/lib/avr51\libc.a(ftoa_engine.o)
                0x00000186                . = ALIGN (0x2)
 *(.jumptables)
 *(.jumptables*)
 *(.lowtext)
 *(.lowtext*)
                0x00000186                __ctors_start = .
 *(.ctors)
                0x00000186                __ctors_end = .
                0x00000186                __dtors_start = .
 *(.dtors)
                0x00000186                __dtors_end = .
 SORT(*)(.ctors)
 SORT(*)(.dtors)
 *(.init0)
 .init0         0x00000186        0x0 c:/program files (x86)/atmel/atmel toolchain/avr8 gcc/native/3.4.1061/avr8-gnu-toolchain/bin/../lib/gcc/avr/4.8.1/../../../../avr/lib/avr51/crtm128.o
                0x00000186                __init
 *(.init0)
 *(.init1)
 *(.init1)
 *(.init2)
 .init2         0x00000186        0xc c:/program files (x86)/atmel/atmel toolchain/avr8 gcc/native/3.4.1061/avr8-gnu-toolchain/bin/../lib/gcc/avr/4.8.1/../../../../avr/lib/avr51/crtm128.o
 *(.init2)
 *(.init3)
 *(.init3)
 *(.init4)
 .init4         0x00000192       0x1a c:/program files (x86)/atmel/atmel toolchain/avr8 gcc/native/3.4.1061/avr8-gnu-toolchain/bin/../lib/gcc/avr/4.8.1/avr51\libgcc.a(_copy_data.o)
                0x00000192                __do_copy_data
 .init4         0x000001ac       0x10 c:/program files (x86)/atmel/atmel toolchain/avr8 gcc/native/3.4.1061/avr8-gnu-toolchain/bin/../lib/gcc/avr/4.8.1/avr51\libgcc.a(_clear_bss.o)
                0x000001ac                __do_clear_bss
 *(.init4)
 *(.init5)
 *(.init5)
 *(.init6)
 *(.init6)
 *(.init7)
 *(.init7)
 *(.init8)
 *(.init8)
 *(.init9)
 .init9         0x000001bc        0x8 c:/program files (x86)/atmel/atmel toolchain/avr8 gcc/native/3.4.1061/avr8-gnu-toolchain/bin/../lib/gcc/avr/4.8.1/../../../../avr/lib/avr51/crtm128.o
 *(.init9)
 *(.text)
 .text          0x000001c4        0x2 c:/program files (x86)/atmel/atmel toolchain/avr8 gcc/native/3.4.1061/avr8-gnu-toolchain/bin/../lib/gcc/avr/4.8.1/../../../../avr/lib/avr51/crtm128.o
                0x000001c4                __vector_22
                0x000001c4                __vector_28
                0x000001c4                __vector_1
                0x000001c4                __vector_32
                0x000001c4                __vector_34
                0x000001c4                __vector_24
                0x000001c4                __bad_interrupt
                0x000001c4                __vector_6
                0x000001c4                __vector_31
                0x000001c4                __vector_3
                0x000001c4                __vector_23
                0x000001c4                __vector_25
                0x000001c4                __vector_11
                0x000001c4                __vector_13
                0x000001c4                __vector_17
                0x000001c4                __vector_19
                0x000001c4                __vector_7
                0x000001c4                __vector_27
                0x000001c4                __vector_5
                0x000001c4                __vector_33
                0x000001c4                __vector_4
                0x000001c4                __vector_2
                0x000001c4                __vector_21
                0x000001c4                __vector_29
                0x000001c4                __vector_8
                0x000001c4                __vector_14
                0x000001c4                __vector_10
                0x000001c4                __vector_16
                0x000001c4                __vector_20
                0x000001c6                . = ALIGN (0x2)
 *(.text.*)
 .text._Znwj    0x000001c6        0x6 iot.o
                0x000001c6                _Znwj
 .text._ZdlPv   0x000001cc        0x6 iot.o
                0x000001cc                _ZdlPv
 .text._ZN6iotPin8getpPortENS_8iotPinIdE
                0x000001d2       0x22 iot.o
                0x000001d2                _ZN6iotPin8getpPortENS_8iotPinIdE
 .text._ZN6iotPin7getpDDRENS_8iotPinIdE
                0x000001f4       0x22 iot.o
                0x000001f4                _ZN6iotPin7getpDDRENS_8iotPinIdE
 .text.__vector_15
                0x00000216       0x5a iot.o
                0x00000216                __vector_15
 .text.__vector_12
                0x00000270       0x5a iot.o
                0x00000270                __vector_12
 .text.__vector_9
                0x000002ca       0x5a iot.o
                0x000002ca                __vector_9
 .text.__vector_26
                0x00000324       0x5a iot.o
                0x00000324                __vector_26
 .text.__vector_18
                0x0000037e       0x72 iot.o
                0x0000037e                __vector_18
 .text.__vector_30
                0x000003f0       0x74 iot.o
                0x000003f0                __vector_30
 .text._ZN13iotIrReceiverC2EN8iotTimer10iotTimerIdE
                0x00000464       0xdc irRemote.o
                0x00000464                _ZN13iotIrReceiverC1EN8iotTimer10iotTimerIdE
                0x00000464                _ZN13iotIrReceiverC2EN8iotTimer10iotTimerIdE
 .text._ZN16iotIrTransmitterC2EN8iotTimer10iotTimerIdE
                0x00000540       0xc0 irRemote.o
                0x00000540                _ZN16iotIrTransmitterC2EN8iotTimer10iotTimerIdE
                0x00000540                _ZN16iotIrTransmitterC1EN8iotTimer10iotTimerIdE
 .text._ZN11iotTerminal7putCharEcP6__file
                0x00000600      0x150 main.o
                0x00000600                _ZN11iotTerminal7putCharEcP6__file
 .text._ZN11iotTerminal11receiveLineEv
                0x00000750      0x176 main.o
                0x00000750                _ZN11iotTerminal11receiveLineEv
 .text._ZN8iotServo9tick10kHzEv
                0x000008c6       0x54 main.o
                0x000008c6                _ZN8iotServo9tick10kHzEv
 .text._ZN8iotClock6updateEv
                0x0000091a       0x50 main.o
                0x0000091a                _ZN8iotClock6updateEv
 .text._ZN13iotIrReceiver12stateMachineEv
                0x0000096a      0x158 main.o
                0x0000096a                _ZN13iotIrReceiver12stateMachineEv
 .text._ZL9toggleFanv
                0x00000ac2       0x6c main.o
 .text._ZN11iotTerminal7getCharEP6__file
                0x00000b2e       0xb2 main.o
                0x00000b2e                _ZN11iotTerminal7getCharEP6__file
 .text._ZN10iotCharLcdC2Ev
                0x00000be0      0xd80 main.o
                0x00000be0                _ZN10iotCharLcdC1Ev
                0x00000be0                _ZN10iotCharLcdC2Ev
 .text._ZN10iotCharLcd5printEhhPKc
                0x00001960       0xa2 main.o
                0x00001960                _ZN10iotCharLcd5printEhhPKc
 .text._ZN8iotServo4initEN6iotPin8iotPinIdE
                0x00001a02       0xf4 main.o
                0x00001a02                _ZN8iotServo4initEN6iotPin8iotPinIdE
 .text._ZN8iotClock7destroyEv
                0x00001af6       0xb8 main.o
                0x00001af6                _ZN8iotClock7destroyEv
 .text._ZN8iotClock9parseLineEPc
                0x00001bae      0xad0 main.o
                0x00001bae                _ZN8iotClock9parseLineEPc
 .text._ZN13iotIrReceiver6enableEv
                0x0000267e      0x11e main.o
                0x0000267e                _ZN13iotIrReceiver6enableEv
 .text._ZN16iotIrTransmitter11sendSamsungEmi
                0x0000279c      0x324 main.o
                0x0000279c                _ZN16iotIrTransmitter11sendSamsungEmi
 .text.main     0x00002ac0     0x2920 main.o
                0x00002ac0                main
 .text.avr-libc.fplib
                0x000053e0        0xa c:/program files (x86)/atmel/atmel toolchain/avr8 gcc/native/3.4.1061/avr8-gnu-toolchain/bin/../lib/gcc/avr/4.8.1/../../../../avr/lib/avr51\libm.a(addsf3.o)
                0x000053e0                __subsf3
                0x000053e2                __addsf3
 .text.avr-libc.fplib
                0x000053ea       0xc0 c:/program files (x86)/atmel/atmel toolchain/avr8 gcc/native/3.4.1061/avr8-gnu-toolchain/bin/../lib/gcc/avr/4.8.1/../../../../avr/lib/avr51\libm.a(addsf3x.o)
                0x00005404                __addsf3x
 .text.avr-libc.fplib
                0x000054aa        0x4 c:/program files (x86)/atmel/atmel toolchain/avr8 gcc/native/3.4.1061/avr8-gnu-toolchain/bin/../lib/gcc/avr/4.8.1/../../../../avr/lib/avr51\libm.a(divsf3.o)
                0x000054aa                __divsf3
 .text.avr-libc.fplib
                0x000054ae       0xcc c:/program files (x86)/atmel/atmel toolchain/avr8 gcc/native/3.4.1061/avr8-gnu-toolchain/bin/../lib/gcc/avr/4.8.1/../../../../avr/lib/avr51\libm.a(divsf3x.o)
                0x000054c4                __divsf3x
                0x000054c8                __divsf3_pse
 .text.avr-libc.fplib
                0x0000557a       0x7a c:/program files (x86)/atmel/atmel toolchain/avr8 gcc/native/3.4.1061/avr8-gnu-toolchain/bin/../lib/gcc/avr/4.8.1/../../../../avr/lib/avr51\libm.a(floatsisf.o)
                0x0000557a                __floatunsisf
                0x0000557e                __floatsisf
 .text.avr-libc.fplib
                0x000055f4        0xc c:/program files (x86)/atmel/atmel toolchain/avr8 gcc/native/3.4.1061/avr8-gnu-toolchain/bin/../lib/gcc/avr/4.8.1/../../../../avr/lib/avr51\libm.a(fp_inf.o)
                0x000055f4                __fp_inf
 .text.avr-libc.fplib
                0x00005600        0x6 c:/program files (x86)/atmel/atmel toolchain/avr8 gcc/native/3.4.1061/avr8-gnu-toolchain/bin/../lib/gcc/avr/4.8.1/../../../../avr/lib/avr51\libm.a(fp_nan.o)
                0x00005600                __fp_nan
 .text.avr-libc.fplib
                0x00005606        0xe c:/program files (x86)/atmel/atmel toolchain/avr8 gcc/native/3.4.1061/avr8-gnu-toolchain/bin/../lib/gcc/avr/4.8.1/../../../../avr/lib/avr51\libm.a(fp_pscA.o)
                0x00005606                __fp_pscA
 .text.avr-libc.fplib
                0x00005614        0xe c:/program files (x86)/atmel/atmel toolchain/avr8 gcc/native/3.4.1061/avr8-gnu-toolchain/bin/../lib/gcc/avr/4.8.1/../../../../avr/lib/avr51\libm.a(fp_pscB.o)
                0x00005614                __fp_pscB
 .text.avr-libc.fplib
                0x00005622       0x22 c:/program files (x86)/atmel/atmel toolchain/avr8 gcc/native/3.4.1061/avr8-gnu-toolchain/bin/../lib/gcc/avr/4.8.1/../../../../avr/lib/avr51\libm.a(fp_round.o)
                0x00005622                __fp_round
 .text.avr-libc.fplib
                0x00005644       0x44 c:/program files (x86)/atmel/atmel toolchain/avr8 gcc/native/3.4.1061/avr8-gnu-toolchain/bin/../lib/gcc/avr/4.8.1/../../../../avr/lib/avr51\libm.a(fp_split3.o)
                0x00005644                __fp_split3
                0x00005654                __fp_splitA
 .text.avr-libc.fplib
                0x00005688        0xe c:/program files (x86)/atmel/atmel toolchain/avr8 gcc/native/3.4.1061/avr8-gnu-toolchain/bin/../lib/gcc/avr/4.8.1/../../../../avr/lib/avr51\libm.a(fp_zero.o)
                0x00005688                __fp_zero
                0x0000568a                __fp_szero
 .text.avr-libc.fplib
                0x00005696        0x8 c:/program files (x86)/atmel/atmel toolchain/avr8 gcc/native/3.4.1061/avr8-gnu-toolchain/bin/../lib/gcc/avr/4.8.1/../../../../avr/lib/avr51\libm.a(gesf2.o)
                0x00005696                __gesf2
                0x00005696                __gtsf2
 .text.avr-libc.fplib
                0x0000569e        0x4 c:/program files (x86)/atmel/atmel toolchain/avr8 gcc/native/3.4.1061/avr8-gnu-toolchain/bin/../lib/gcc/avr/4.8.1/../../../../avr/lib/avr51\libm.a(mulsf3.o)
                0x0000569e                __mulsf3
 .text.avr-libc.fplib
                0x000056a2       0xc2 c:/program files (x86)/atmel/atmel toolchain/avr8 gcc/native/3.4.1061/avr8-gnu-toolchain/bin/../lib/gcc/avr/4.8.1/../../../../avr/lib/avr51\libm.a(mulsf3x.o)
                0x000056b6                __mulsf3x
                0x000056ba                __mulsf3_pse
 .text.avr-libc.fplib
                0x00005764       0x48 c:/program files (x86)/atmel/atmel toolchain/avr8 gcc/native/3.4.1061/avr8-gnu-toolchain/bin/../lib/gcc/avr/4.8.1/../../../../avr/lib/avr51\libm.a(fp_cmp.o)
                0x00005764                __fp_cmp
 .text.libgcc.div
                0x000057ac       0x26 c:/program files (x86)/atmel/atmel toolchain/avr8 gcc/native/3.4.1061/avr8-gnu-toolchain/bin/../lib/gcc/avr/4.8.1/avr51\libgcc.a(_divmodhi4.o)
                0x000057ac                _div
                0x000057ac                __divmodhi4
 .text.libgcc.div
                0x000057d2       0x28 c:/program files (x86)/atmel/atmel toolchain/avr8 gcc/native/3.4.1061/avr8-gnu-toolchain/bin/../lib/gcc/avr/4.8.1/avr51\libgcc.a(_divmodsi4.o)
                0x000057d2                __divmodsi4
 .text.libgcc.div
                0x000057fa       0x10 c:/program files (x86)/atmel/atmel toolchain/avr8 gcc/native/3.4.1061/avr8-gnu-toolchain/bin/../lib/gcc/avr/4.8.1/avr51\libgcc.a(_negsi2.o)
                0x000057fa                __negsi2
 .text.libgcc.mul
                0x0000580a        0xc c:/program files (x86)/atmel/atmel toolchain/avr8 gcc/native/3.4.1061/avr8-gnu-toolchain/bin/../lib/gcc/avr/4.8.1/avr51\libgcc.a(_usmulhisi3.o)
                0x0000580a                __usmulhisi3
                0x0000580c                __usmulhisi3_tail
 .text.libgcc.mul
                0x00005816        0xc c:/program files (x86)/atmel/atmel toolchain/avr8 gcc/native/3.4.1061/avr8-gnu-toolchain/bin/../lib/gcc/avr/4.8.1/avr51\libgcc.a(_mulshisi3.o)
                0x00005816                __mulshisi3
                0x0000581a                __mulohisi3
 .text.libgcc.div
                0x00005822       0x28 c:/program files (x86)/atmel/atmel toolchain/avr8 gcc/native/3.4.1061/avr8-gnu-toolchain/bin/../lib/gcc/avr/4.8.1/avr51\libgcc.a(_udivmodhi4.o)
                0x00005822                __udivmodhi4
 .text.libgcc.div
                0x0000584a       0x44 c:/program files (x86)/atmel/atmel toolchain/avr8 gcc/native/3.4.1061/avr8-gnu-toolchain/bin/../lib/gcc/avr/4.8.1/avr51\libgcc.a(_udivmodsi4.o)
                0x0000584a                __udivmodsi4
 .text.libgcc.mul
                0x0000588e       0x1e c:/program files (x86)/atmel/atmel toolchain/avr8 gcc/native/3.4.1061/avr8-gnu-toolchain/bin/../lib/gcc/avr/4.8.1/avr51\libgcc.a(_umulhisi3.o)
                0x0000588e                __umulhisi3
 .text.libgcc.mul
                0x000058ac       0x14 c:/program files (x86)/atmel/atmel toolchain/avr8 gcc/native/3.4.1061/avr8-gnu-toolchain/bin/../lib/gcc/avr/4.8.1/avr51\libgcc.a(_muluhisi3.o)
                0x000058ac                __muluhisi3
 .text.avr-libc
                0x000058c0       0x40 c:/program files (x86)/atmel/atmel toolchain/avr8 gcc/native/3.4.1061/avr8-gnu-toolchain/bin/../lib/gcc/avr/4.8.1/../../../../avr/lib/avr51\libc.a(dtostrf.o)
                0x000058c0                dtostrf
 .text.avr-libc
                0x00005900      0x24e c:/program files (x86)/atmel/atmel toolchain/avr8 gcc/native/3.4.1061/avr8-gnu-toolchain/bin/../lib/gcc/avr/4.8.1/../../../../avr/lib/avr51\libc.a(malloc.o)
                0x00005900                malloc
                0x00005a30                free
 .text.avr-libc
                0x00005b4e      0x222 c:/program files (x86)/atmel/atmel toolchain/avr8 gcc/native/3.4.1061/avr8-gnu-toolchain/bin/../lib/gcc/avr/4.8.1/../../../../avr/lib/avr51\libc.a(strtoul.o)
                0x00005b4e                strtoul
 .text.avr-libc
                0x00005d70       0x3a c:/program files (x86)/atmel/atmel toolchain/avr8 gcc/native/3.4.1061/avr8-gnu-toolchain/bin/../lib/gcc/avr/4.8.1/../../../../avr/lib/avr51\libc.a(atoi.o)
                0x00005d70                atoi
 .text.avr-libc
                0x00005daa       0x12 c:/program files (x86)/atmel/atmel toolchain/avr8 gcc/native/3.4.1061/avr8-gnu-toolchain/bin/../lib/gcc/avr/4.8.1/../../../../avr/lib/avr51\libc.a(isalpha.o)
                0x00005daa                isupper
                0x00005dae                isalpha
                0x00005db0                islower
 .text.avr-libc
                0x00005dbc       0x10 c:/program files (x86)/atmel/atmel toolchain/avr8 gcc/native/3.4.1061/avr8-gnu-toolchain/bin/../lib/gcc/avr/4.8.1/../../../../avr/lib/avr51\libc.a(isspace.o)
                0x00005dbc                isspace
 .text.avr-libc
                0x00005dcc       0x10 c:/program files (x86)/atmel/atmel toolchain/avr8 gcc/native/3.4.1061/avr8-gnu-toolchain/bin/../lib/gcc/avr/4.8.1/../../../../avr/lib/avr51\libc.a(tolower.o)
                0x00005dcc                tolower
 .text.avr-libc
                0x00005ddc        0xe c:/program files (x86)/atmel/atmel toolchain/avr8 gcc/native/3.4.1061/avr8-gnu-toolchain/bin/../lib/gcc/avr/4.8.1/../../../../avr/lib/avr51\libc.a(strcpy.o)
                0x00005ddc                strcpy
 .text.avr-libc
                0x00005dea       0x30 c:/program files (x86)/atmel/atmel toolchain/avr8 gcc/native/3.4.1061/avr8-gnu-toolchain/bin/../lib/gcc/avr/4.8.1/../../../../avr/lib/avr51\libc.a(strncasecmp.o)
                0x00005dea                strncasecmp
 .text.avr-libc
                0x00005e1a       0x1c c:/program files (x86)/atmel/atmel toolchain/avr8 gcc/native/3.4.1061/avr8-gnu-toolchain/bin/../lib/gcc/avr/4.8.1/../../../../avr/lib/avr51\libc.a(strncmp.o)
                0x00005e1a                strncmp
 .text.avr-libc
                0x00005e36       0x10 c:/program files (x86)/atmel/atmel toolchain/avr8 gcc/native/3.4.1061/avr8-gnu-toolchain/bin/../lib/gcc/avr/4.8.1/../../../../avr/lib/avr51\libc.a(mul10.o)
                0x00005e36                __mulhi_const_10
 .text.avr-libc
                0x00005e46       0x94 c:/program files (x86)/atmel/atmel toolchain/avr8 gcc/native/3.4.1061/avr8-gnu-toolchain/bin/../lib/gcc/avr/4.8.1/../../../../avr/lib/avr51\libc.a(fdevopen.o)
                0x00005e46                fdevopen
 .text.avr-libc
                0x00005eda       0x22 c:/program files (x86)/atmel/atmel toolchain/avr8 gcc/native/3.4.1061/avr8-gnu-toolchain/bin/../lib/gcc/avr/4.8.1/../../../../avr/lib/avr51\libc.a(printf.o)
                0x00005eda                printf
 .text.avr-libc
                0x00005efc       0x5a c:/program files (x86)/atmel/atmel toolchain/avr8 gcc/native/3.4.1061/avr8-gnu-toolchain/bin/../lib/gcc/avr/4.8.1/../../../../avr/lib/avr51\libc.a(puts.o)
                0x00005efc                puts
 .text.avr-libc
                0x00005f56      0x3dc c:/program files (x86)/atmel/atmel toolchain/avr8 gcc/native/3.4.1061/avr8-gnu-toolchain/bin/../lib/gcc/avr/4.8.1/../../../../avr/lib/avr51\libc.a(vfprintf_std.o)
                0x00005f56                vfprintf
 .text.avr-libc
                0x00006332       0x34 c:/program files (x86)/atmel/atmel toolchain/avr8 gcc/native/3.4.1061/avr8-gnu-toolchain/bin/../lib/gcc/avr/4.8.1/../../../../avr/lib/avr51\libc.a(calloc.o)
                0x00006332                calloc
 .text.avr-libc
                0x00006366      0x2fa c:/program files (x86)/atmel/atmel toolchain/avr8 gcc/native/3.4.1061/avr8-gnu-toolchain/bin/../lib/gcc/avr/4.8.1/../../../../avr/lib/avr51\libc.a(dtoa_prf.o)
                0x00006366                dtoa_prf
 .text.avr-libc
                0x00006660      0x1b0 c:/program files (x86)/atmel/atmel toolchain/avr8 gcc/native/3.4.1061/avr8-gnu-toolchain/bin/../lib/gcc/avr/4.8.1/../../../../avr/lib/avr51\libc.a(ftoa_engine.o)
                0x00006660                __ftoa_engine
 .text.avr-libc
                0x00006810        0x6 c:/program files (x86)/atmel/atmel toolchain/avr8 gcc/native/3.4.1061/avr8-gnu-toolchain/bin/../lib/gcc/avr/4.8.1/../../../../avr/lib/avr51\libc.a(cty_isfalse.o)
                0x00006810                __ctype_isfalse
                0x00006814                __ctype_istrue
 .text.avr-libc
                0x00006816       0x16 c:/program files (x86)/atmel/atmel toolchain/avr8 gcc/native/3.4.1061/avr8-gnu-toolchain/bin/../lib/gcc/avr/4.8.1/../../../../avr/lib/avr51\libc.a(strnlen_P.o)
                0x00006816                strnlen_P
 .text.avr-libc
                0x0000682c        0xe c:/program files (x86)/atmel/atmel toolchain/avr8 gcc/native/3.4.1061/avr8-gnu-toolchain/bin/../lib/gcc/avr/4.8.1/../../../../avr/lib/avr51\libc.a(memset.o)
                0x0000682c                memset
 .text.avr-libc
                0x0000683a       0x16 c:/program files (x86)/atmel/atmel toolchain/avr8 gcc/native/3.4.1061/avr8-gnu-toolchain/bin/../lib/gcc/avr/4.8.1/../../../../avr/lib/avr51\libc.a(strnlen.o)
                0x0000683a                strnlen
 .text.avr-libc
                0x00006850       0x64 c:/program files (x86)/atmel/atmel toolchain/avr8 gcc/native/3.4.1061/avr8-gnu-toolchain/bin/../lib/gcc/avr/4.8.1/../../../../avr/lib/avr51\libc.a(fputc.o)
                0x00006850                fputc
 .text.avr-libc
                0x000068b4       0xbc c:/program files (x86)/atmel/atmel toolchain/avr8 gcc/native/3.4.1061/avr8-gnu-toolchain/bin/../lib/gcc/avr/4.8.1/../../../../avr/lib/avr51\libc.a(ultoa_invert.o)
                0x000068b4                __ultoa_invert
 .text.libgcc.mul
                0x00006970       0x20 c:/program files (x86)/atmel/atmel toolchain/avr8 gcc/native/3.4.1061/avr8-gnu-toolchain/bin/../lib/gcc/avr/4.8.1/avr51\libgcc.a(_mulsi3.o)
                0x00006970                __mulsi3
                0x00006990                . = ALIGN (0x2)
 *(.fini9)
 .fini9         0x00006990        0x0 c:/program files (x86)/atmel/atmel toolchain/avr8 gcc/native/3.4.1061/avr8-gnu-toolchain/bin/../lib/gcc/avr/4.8.1/avr51\libgcc.a(_exit.o)
                0x00006990                _exit
                0x00006990                exit
 *(.fini9)
 *(.fini8)
 *(.fini8)
 *(.fini7)
 *(.fini7)
 *(.fini6)
 *(.fini6)
 *(.fini5)
 *(.fini5)
 *(.fini4)
 *(.fini4)
 *(.fini3)
 *(.fini3)
 *(.fini2)
 *(.fini2)
 *(.fini1)
 *(.fini1)
 *(.fini0)
 .fini0         0x00006990        0x4 c:/program files (x86)/atmel/atmel toolchain/avr8 gcc/native/3.4.1061/avr8-gnu-toolchain/bin/../lib/gcc/avr/4.8.1/avr51\libgcc.a(_exit.o)
 *(.fini0)
                0x00006994                _etext = .

.data           0x00800100      0x2b6 load address 0x00006994
                0x00800100                PROVIDE (__data_start, .)
 *(.data)
 .data          0x00800100        0x6 c:/program files (x86)/atmel/atmel toolchain/avr8 gcc/native/3.4.1061/avr8-gnu-toolchain/bin/../lib/gcc/avr/4.8.1/../../../../avr/lib/avr51\libc.a(malloc.o)
                0x00800100                __malloc_heap_end
                0x00800102                __malloc_heap_start
                0x00800104                __malloc_margin
 *(.data*)
 .data._ZN8iotClock7lcdmodeE
                0x00800106        0x1 iot.o
                0x00800106                _ZN8iotClock7lcdmodeE
 .data._ZN8iotClock10iMonthDaysE
                0x00800107        0xc iot.o
                0x00800107                _ZN8iotClock10iMonthDaysE
 .data._ZN8iotClock6iMonthE
                0x00800113       0x18 iot.o
                0x00800113                _ZN8iotClock6iMonthE
 .data._ZN8iotClock4iRowE
                0x0080012b        0x1 iot.o
                0x0080012b                _ZN8iotClock4iRowE
 .data._ZN8iotClock12iMonDyHrMnScE
                0x0080012c       0x10 iot.o
                0x0080012c                _ZN8iotClock12iMonDyHrMnScE
 .data._ZN8iotServo6iAngleE
                0x0080013c        0x2 iot.o
                0x0080013c                _ZN8iotServo6iAngleE
 .data._ZN11iotTerminal5iLineE
                0x0080013e        0x2 iot.o
                0x0080013e                _ZN11iotTerminal5iLineE
 .data._ZN6iotPin4pDDRE
                0x00800140        0xe iot.o
                0x00800140                _ZN6iotPin4pDDRE
 .data._ZN6iotPin5pPortE
                0x0080014e        0xe iot.o
                0x0080014e                _ZN6iotPin5pPortE
 *(.rodata)
 *(.rodata*)
 .rodata.str1.1
                0x0080015c       0x30 iot.o
 .rodata.str1.1
                0x0080018c      0x229 main.o
                                0x238 (size before relaxing)
 *(.gnu.linkonce.d*)
                0x008003b6                . = ALIGN (0x2)
 *fill*         0x008003b5        0x1 
                0x008003b6                _edata = .
                0x008003b6                PROVIDE (__data_end, .)

.bss            0x008003b6      0x354
                0x008003b6                PROVIDE (__bss_start, .)
 *(.bss)
 *(.bss*)
 .bss._ZN9iotSubLed8iPinMaskE
                0x008003b6        0x1 iot.o
                0x008003b6                _ZN9iotSubLed8iPinMaskE
 .bss._ZN9iotSubLed6ipPortE
                0x008003b7        0x2 iot.o
                0x008003b7                _ZN9iotSubLed6ipPortE
 .bss._ZN6iotLed8iPinMaskE
                0x008003b9        0x1 iot.o
                0x008003b9                _ZN6iotLed8iPinMaskE
 .bss._ZN6iotLed6ipPortE
                0x008003ba        0x2 iot.o
                0x008003ba                _ZN6iotLed6ipPortE
 .bss._ZN8iotClock9iScheduleE
                0x008003bc      0x122 iot.o
                0x008003bc                _ZN8iotClock9iScheduleE
 .bss._ZN8iotClock15iCharLcdCreatedE
                0x008004de        0x1 iot.o
                0x008004de                _ZN8iotClock15iCharLcdCreatedE
 .bss._ZN8iotClock6iFlushE
                0x008004df        0x1 iot.o
                0x008004df                _ZN8iotClock6iFlushE
 .bss._ZN8iotClock8iCharLcdE
                0x008004e0        0x2 iot.o
                0x008004e0                _ZN8iotClock8iCharLcdE
 .bss._ZN8iotClock8iSecondsE
                0x008004e2        0x4 iot.o
                0x008004e2                _ZN8iotClock8iSecondsE
 .bss._ZN8iotClock6iTimerE
                0x008004e6        0x2 iot.o
                0x008004e6                _ZN8iotClock6iTimerE
 .bss._ZN8iotServo8iPinMaskE
                0x008004e8        0x1 iot.o
                0x008004e8                _ZN8iotServo8iPinMaskE
 .bss._ZN8iotServo6ipPortE
                0x008004e9        0x2 iot.o
                0x008004e9                _ZN8iotServo6ipPortE
 .bss._ZN8iotServo11in10kCyclesE
                0x008004eb        0x2 iot.o
                0x008004eb                _ZN8iotServo11in10kCyclesE
 .bss._ZN8iotServo6iTimerE
                0x008004ed        0x2 iot.o
                0x008004ed                _ZN8iotServo6iTimerE
 .bss._ZN6iotDht8iTriggerE
                0x008004ef       0xa8 iot.o
                0x008004ef                _ZN6iotDht8iTriggerE
 .bss._ZN11iotTerminal6iQueueE
                0x00800597       0xc8 iot.o
                0x00800597                _ZN11iotTerminal6iQueueE
 .bss._ZN11iotTerminal5iTailE
                0x0080065f        0x1 iot.o
                0x0080065f                _ZN11iotTerminal5iTailE
 .bss._ZN11iotTerminal5iHeadE
                0x00800660        0x1 iot.o
                0x00800660                _ZN11iotTerminal5iHeadE
 .bss._ZN11iotTerminal8iCurCharE
                0x00800661        0x2 iot.o
                0x00800661                _ZN11iotTerminal8iCurCharE
 .bss._ZN11iotTerminal12iLineToParseE
                0x00800663        0x2 iot.o
                0x00800663                _ZN11iotTerminal12iLineToParseE
 .bss._ZN11iotTerminal6iLine2E
                0x00800665       0x32 iot.o
                0x00800665                _ZN11iotTerminal6iLine2E
 .bss._ZN11iotTerminal6iLine1E
                0x00800697       0x32 iot.o
                0x00800697                _ZN11iotTerminal6iLine1E
 .bss._ZN11iotTerminal5iUartE
                0x008006c9        0x2 iot.o
                0x008006c9                _ZN11iotTerminal5iUartE
 .bss._ZN7iotUart12irx1CallbackE
                0x008006cb        0x2 iot.o
                0x008006cb                _ZN7iotUart12irx1CallbackE
 .bss._ZN7iotUart12irx0CallbackE
                0x008006cd        0x2 iot.o
                0x008006cd                _ZN7iotUart12irx0CallbackE
 .bss._ZN7iotUart8irx1BuffE
                0x008006cf        0x2 iot.o
                0x008006cf                _ZN7iotUart8irx1BuffE
 .bss._ZN7iotUart8itx1BuffE
                0x008006d1        0x2 iot.o
                0x008006d1                _ZN7iotUart8itx1BuffE
 .bss._ZN7iotUart8irx1TailE
                0x008006d3        0x1 iot.o
                0x008006d3                _ZN7iotUart8irx1TailE
 .bss._ZN7iotUart8irx1HeadE
                0x008006d4        0x1 iot.o
                0x008006d4                _ZN7iotUart8irx1HeadE
 .bss._ZN7iotUart8itx1TailE
                0x008006d5        0x1 iot.o
                0x008006d5                _ZN7iotUart8itx1TailE
 .bss._ZN7iotUart8itx1HeadE
                0x008006d6        0x1 iot.o
                0x008006d6                _ZN7iotUart8itx1HeadE
 .bss._ZN7iotUart8irx0BuffE
                0x008006d7        0x2 iot.o
                0x008006d7                _ZN7iotUart8irx0BuffE
 .bss._ZN7iotUart8itx0BuffE
                0x008006d9        0x2 iot.o
                0x008006d9                _ZN7iotUart8itx0BuffE
 .bss._ZN7iotUart8irx0TailE
                0x008006db        0x1 iot.o
                0x008006db                _ZN7iotUart8irx0TailE
 .bss._ZN7iotUart8irx0HeadE
                0x008006dc        0x1 iot.o
                0x008006dc                _ZN7iotUart8irx0HeadE
 .bss._ZN7iotUart8itx0TailE
                0x008006dd        0x1 iot.o
                0x008006dd                _ZN7iotUart8itx0TailE
 .bss._ZN7iotUart8itx0HeadE
                0x008006de        0x1 iot.o
                0x008006de                _ZN7iotUart8itx0HeadE
 .bss._ZN8iotTimer10iCallback3E
                0x008006df        0x2 iot.o
                0x008006df                _ZN8iotTimer10iCallback3E
 .bss._ZN8iotTimer10iCallback2E
                0x008006e1        0x2 iot.o
                0x008006e1                _ZN8iotTimer10iCallback2E
 .bss._ZN8iotTimer10iCallback1E
                0x008006e3        0x2 iot.o
                0x008006e3                _ZN8iotTimer10iCallback1E
 .bss._ZN8iotTimer10iCallback0E
                0x008006e5        0x2 iot.o
                0x008006e5                _ZN8iotTimer10iCallback0E
 .bss._ZN16iotIrTransmitter6iTimerE
                0x008006e7        0x2 irRemote.o
                0x008006e7                _ZN16iotIrTransmitter6iTimerE
 .bss._ZN13iotIrReceiver6iTimerE
                0x008006e9        0x2 irRemote.o
                0x008006e9                _ZN13iotIrReceiver6iTimerE
 .bss._ZN13iotIrReceiver8iDecoderE
                0x008006eb        0x2 irRemote.o
                0x008006eb                _ZN13iotIrReceiver8iDecoderE
 .bss.lcdon     0x008006ed        0x2 main.o
                0x008006ed                lcdon
 .bss._ZL8FanSpeed
                0x008006ef        0x2 main.o
 .bss._ZL8FanState
                0x008006f1        0x1 main.o
 .bss._ZL8FanCount
                0x008006f2        0x2 main.o
 .bss._ZL8FanTimer
                0x008006f4        0x2 main.o
 .bss.dec       0x008006f6        0x2 main.o
                0x008006f6                dec
 .bss.IrTrans   0x008006f8        0x2 main.o
                0x008006f8                IrTrans
 .bss.IrRecv    0x008006fa        0x2 main.o
                0x008006fa                IrRecv
 .bss._ZL7CharLcd
                0x008006fc        0x2 main.o
 *(COMMON)
 COMMON         0x008006fe        0x4 c:/program files (x86)/atmel/atmel toolchain/avr8 gcc/native/3.4.1061/avr8-gnu-toolchain/bin/../lib/gcc/avr/4.8.1/../../../../avr/lib/avr51\libc.a(malloc.o)
                0x008006fe                __brkval
                0x00800700                __flp
 COMMON         0x00800702        0x6 c:/program files (x86)/atmel/atmel toolchain/avr8 gcc/native/3.4.1061/avr8-gnu-toolchain/bin/../lib/gcc/avr/4.8.1/../../../../avr/lib/avr51\libc.a(iob.o)
                0x00800702                __iob
 COMMON         0x00800708        0x2 c:/program files (x86)/atmel/atmel toolchain/avr8 gcc/native/3.4.1061/avr8-gnu-toolchain/bin/../lib/gcc/avr/4.8.1/../../../../avr/lib/avr51\libc.a(errno.o)
                0x00800708                errno
                0x0080070a                PROVIDE (__bss_end, .)
                0x00006994                __data_load_start = LOADADDR (.data)
                0x00006c4a                __data_load_end = (__data_load_start + SIZEOF (.data))

.noinit         0x0080070a        0x0
                0x0080070a                PROVIDE (__noinit_start, .)
 *(.noinit*)
                0x0080070a                PROVIDE (__noinit_end, .)
                0x0080070a                _end = .
                0x0080070a                PROVIDE (__heap_start, .)

.eeprom         0x00810000        0x0
 *(.eeprom*)
                0x00810000                __eeprom_end = .

.fuse
 *(.fuse)
 *(.lfuse)
 *(.hfuse)
 *(.efuse)

.lock
 *(.lock*)

.signature
 *(.signature*)

.user_signatures
 *(.user_signatures*)

.stab
 *(.stab)

.stabstr
 *(.stabstr)

.stab.excl
 *(.stab.excl)

.stab.exclstr
 *(.stab.exclstr)

.stab.index
 *(.stab.index)

.stab.indexstr
 *(.stab.indexstr)

.comment        0x00000000       0x5c
 *(.comment)
 .comment       0x00000000       0x30 iot.o
                                 0x31 (size before relaxing)
 .comment       0x00000000       0x31 irRemote.o
 .comment       0x00000000       0x31 main.o
 .comment       0x00000000       0x31 c:/program files (x86)/atmel/atmel toolchain/avr8 gcc/native/3.4.1061/avr8-gnu-toolchain/bin/../lib/gcc/avr/4.8.1/../../../../avr/lib/avr51\libc.a(dtostrf.o)
 .comment       0x00000000       0x31 c:/program files (x86)/atmel/atmel toolchain/avr8 gcc/native/3.4.1061/avr8-gnu-toolchain/bin/../lib/gcc/avr/4.8.1/../../../../avr/lib/avr51\libc.a(malloc.o)
 .comment       0x00000000       0x31 c:/program files (x86)/atmel/atmel toolchain/avr8 gcc/native/3.4.1061/avr8-gnu-toolchain/bin/../lib/gcc/avr/4.8.1/../../../../avr/lib/avr51\libc.a(strtoul.o)
 .comment       0x00000000       0x31 c:/program files (x86)/atmel/atmel toolchain/avr8 gcc/native/3.4.1061/avr8-gnu-toolchain/bin/../lib/gcc/avr/4.8.1/../../../../avr/lib/avr51\libc.a(fdevopen.o)
 .comment       0x00000000       0x31 c:/program files (x86)/atmel/atmel toolchain/avr8 gcc/native/3.4.1061/avr8-gnu-toolchain/bin/../lib/gcc/avr/4.8.1/../../../../avr/lib/avr51\libc.a(iob.o)
 .comment       0x00000000       0x31 c:/program files (x86)/atmel/atmel toolchain/avr8 gcc/native/3.4.1061/avr8-gnu-toolchain/bin/../lib/gcc/avr/4.8.1/../../../../avr/lib/avr51\libc.a(printf.o)
 .comment       0x00000000       0x31 c:/program files (x86)/atmel/atmel toolchain/avr8 gcc/native/3.4.1061/avr8-gnu-toolchain/bin/../lib/gcc/avr/4.8.1/../../../../avr/lib/avr51\libc.a(puts.o)
 .comment       0x00000030       0x2c c:/program files (x86)/atmel/atmel toolchain/avr8 gcc/native/3.4.1061/avr8-gnu-toolchain/bin/../lib/gcc/avr/4.8.1/../../../../avr/lib/avr51\libc.a(vfprintf_std.o)
                                 0x2d (size before relaxing)
 .comment       0x00000000       0x31 c:/program files (x86)/atmel/atmel toolchain/avr8 gcc/native/3.4.1061/avr8-gnu-toolchain/bin/../lib/gcc/avr/4.8.1/../../../../avr/lib/avr51\libc.a(calloc.o)
 .comment       0x00000000       0x2d c:/program files (x86)/atmel/atmel toolchain/avr8 gcc/native/3.4.1061/avr8-gnu-toolchain/bin/../lib/gcc/avr/4.8.1/../../../../avr/lib/avr51\libc.a(errno.o)
 .comment       0x00000000       0x31 c:/program files (x86)/atmel/atmel toolchain/avr8 gcc/native/3.4.1061/avr8-gnu-toolchain/bin/../lib/gcc/avr/4.8.1/../../../../avr/lib/avr51\libc.a(dtoa_prf.o)
 .comment       0x00000000       0x31 c:/program files (x86)/atmel/atmel toolchain/avr8 gcc/native/3.4.1061/avr8-gnu-toolchain/bin/../lib/gcc/avr/4.8.1/../../../../avr/lib/avr51\libc.a(fputc.o)

.note.gnu.build-id
 *(.note.gnu.build-id)

.debug
 *(.debug)

.line
 *(.line)

.debug_srcinfo
 *(.debug_srcinfo)

.debug_sfnames
 *(.debug_sfnames)

.debug_aranges  0x00000000      0x170
 *(.debug_aranges)
 .debug_aranges
                0x00000000       0xa8 iot.o
 .debug_aranges
                0x000000a8       0x38 irRemote.o
 .debug_aranges
                0x000000e0       0x90 main.o

.debug_pubnames
 *(.debug_pubnames)

.debug_info     0x00000000     0x881b
 *(.debug_info .gnu.linkonce.wi.*)
 .debug_info    0x00000000     0x1e3c iot.o
 .debug_info    0x00001e3c      0xaf0 irRemote.o
 .debug_info    0x0000292c     0x5eef main.o

.debug_abbrev   0x00000000     0x1022
 *(.debug_abbrev)
 .debug_abbrev  0x00000000      0x4ef iot.o
 .debug_abbrev  0x000004ef      0x350 irRemote.o
 .debug_abbrev  0x0000083f      0x7e3 main.o

.debug_line     0x00000000     0x2847
 *(.debug_line .debug_line.* .debug_line_end)
 .debug_line    0x00000000      0x3bd iot.o
 .debug_line    0x000003bd      0x350 irRemote.o
 .debug_line    0x0000070d     0x213a main.o

.debug_frame    0x00000000      0x544
 *(.debug_frame)
 .debug_frame   0x00000000      0x2a4 iot.o
 .debug_frame   0x000002a4       0x64 irRemote.o
 .debug_frame   0x00000308      0x23c main.o

.debug_str      0x00000000     0x2637
 *(.debug_str)
 .debug_str     0x00000000     0x1ea5 iot.o
                               0x1f43 (size before relaxing)
 .debug_str     0x00001ea5      0x59f irRemote.o
                                0xa22 (size before relaxing)
 .debug_str     0x00002444      0x1f3 main.o
                               0x19c9 (size before relaxing)

.debug_loc      0x00000000     0x4a33
 *(.debug_loc)
 .debug_loc     0x00000000      0x5f6 iot.o
 .debug_loc     0x000005f6      0x236 irRemote.o
 .debug_loc     0x0000082c     0x4207 main.o

.debug_macinfo
 *(.debug_macinfo)

.debug_weaknames
 *(.debug_weaknames)

.debug_funcnames
 *(.debug_funcnames)

.debug_typenames
 *(.debug_typenames)

.debug_varnames
 *(.debug_varnames)

.debug_pubtypes
 *(.debug_pubtypes)

.debug_ranges   0x00000000      0x858
 *(.debug_ranges)
 .debug_ranges  0x00000000       0x98 iot.o
 .debug_ranges  0x00000098       0x28 irRemote.o
 .debug_ranges  0x000000c0      0x798 main.o

.debug_macro
 *(.debug_macro)
OUTPUT(iot.elf elf32-avr)
LOAD linker stubs
