Archive member included because of file (symbol)

c:/program files (x86)/atmel/atmel toolchain/avr8 gcc/native/3.4.1061/avr8-gnu-toolchain/bin/../lib/gcc/avr/4.8.1/../../../../avr/lib/avr51\libm.a(addsf3.o)
                              main.o (__subsf3)
c:/program files (x86)/atmel/atmel toolchain/avr8 gcc/native/3.4.1061/avr8-gnu-toolchain/bin/../lib/gcc/avr/4.8.1/../../../../avr/lib/avr51\libm.a(addsf3x.o)
                              c:/program files (x86)/atmel/atmel toolchain/avr8 gcc/native/3.4.1061/avr8-gnu-toolchain/bin/../lib/gcc/avr/4.8.1/../../../../avr/lib/avr51\libm.a(addsf3.o) (__addsf3x)
c:/program files (x86)/atmel/atmel toolchain/avr8 gcc/native/3.4.1061/avr8-gnu-toolchain/bin/../lib/gcc/avr/4.8.1/../../../../avr/lib/avr51\libm.a(divsf3.o)
                              main.o (__divsf3)
c:/program files (x86)/atmel/atmel toolchain/avr8 gcc/native/3.4.1061/avr8-gnu-toolchain/bin/../lib/gcc/avr/4.8.1/../../../../avr/lib/avr51\libm.a(divsf3x.o)
                              c:/program files (x86)/atmel/atmel toolchain/avr8 gcc/native/3.4.1061/avr8-gnu-toolchain/bin/../lib/gcc/avr/4.8.1/../../../../avr/lib/avr51\libm.a(divsf3.o) (__divsf3x)
c:/program files (x86)/atmel/atmel toolchain/avr8 gcc/native/3.4.1061/avr8-gnu-toolchain/bin/../lib/gcc/avr/4.8.1/../../../../avr/lib/avr51\libm.a(floatsisf.o)
                              main.o (__floatunsisf)
c:/program files (x86)/atmel/atmel toolchain/avr8 gcc/native/3.4.1061/avr8-gnu-toolchain/bin/../lib/gcc/avr/4.8.1/../../../../avr/lib/avr51\libm.a(fp_inf.o)
                              c:/program files (x86)/atmel/atmel toolchain/avr8 gcc/native/3.4.1061/avr8-gnu-toolchain/bin/../lib/gcc/avr/4.8.1/../../../../avr/lib/avr51\libm.a(addsf3x.o) (__fp_inf)
c:/program files (x86)/atmel/atmel toolchain/avr8 gcc/native/3.4.1061/avr8-gnu-toolchain/bin/../lib/gcc/avr/4.8.1/../../../../avr/lib/avr51\libm.a(fp_nan.o)
                              c:/program files (x86)/atmel/atmel toolchain/avr8 gcc/native/3.4.1061/avr8-gnu-toolchain/bin/../lib/gcc/avr/4.8.1/../../../../avr/lib/avr51\libm.a(addsf3x.o) (__fp_nan)
c:/program files (x86)/atmel/atmel toolchain/avr8 gcc/native/3.4.1061/avr8-gnu-toolchain/bin/../lib/gcc/avr/4.8.1/../../../../avr/lib/avr51\libm.a(fp_pscA.o)
                              c:/program files (x86)/atmel/atmel toolchain/avr8 gcc/native/3.4.1061/avr8-gnu-toolchain/bin/../lib/gcc/avr/4.8.1/../../../../avr/lib/avr51\libm.a(addsf3x.o) (__fp_pscA)
c:/program files (x86)/atmel/atmel toolchain/avr8 gcc/native/3.4.1061/avr8-gnu-toolchain/bin/../lib/gcc/avr/4.8.1/../../../../avr/lib/avr51\libm.a(fp_pscB.o)
                              c:/program files (x86)/atmel/atmel toolchain/avr8 gcc/native/3.4.1061/avr8-gnu-toolchain/bin/../lib/gcc/avr/4.8.1/../../../../avr/lib/avr51\libm.a(addsf3x.o) (__fp_pscB)
c:/program files (x86)/atmel/atmel toolchain/avr8 gcc/native/3.4.1061/avr8-gnu-toolchain/bin/../lib/gcc/avr/4.8.1/../../../../avr/lib/avr51\libm.a(fp_round.o)
                              c:/program files (x86)/atmel/atmel toolchain/avr8 gcc/native/3.4.1061/avr8-gnu-toolchain/bin/../lib/gcc/avr/4.8.1/../../../../avr/lib/avr51\libm.a(addsf3.o) (__fp_round)
c:/program files (x86)/atmel/atmel toolchain/avr8 gcc/native/3.4.1061/avr8-gnu-toolchain/bin/../lib/gcc/avr/4.8.1/../../../../avr/lib/avr51\libm.a(fp_split3.o)
                              c:/program files (x86)/atmel/atmel toolchain/avr8 gcc/native/3.4.1061/avr8-gnu-toolchain/bin/../lib/gcc/avr/4.8.1/../../../../avr/lib/avr51\libm.a(addsf3x.o) (__fp_split3)
c:/program files (x86)/atmel/atmel toolchain/avr8 gcc/native/3.4.1061/avr8-gnu-toolchain/bin/../lib/gcc/avr/4.8.1/../../../../avr/lib/avr51\libm.a(fp_zero.o)
                              c:/program files (x86)/atmel/atmel toolchain/avr8 gcc/native/3.4.1061/avr8-gnu-toolchain/bin/../lib/gcc/avr/4.8.1/../../../../avr/lib/avr51\libm.a(addsf3x.o) (__fp_zero)
c:/program files (x86)/atmel/atmel toolchain/avr8 gcc/native/3.4.1061/avr8-gnu-toolchain/bin/../lib/gcc/avr/4.8.1/../../../../avr/lib/avr51\libm.a(gesf2.o)
                              main.o (__gtsf2)
c:/program files (x86)/atmel/atmel toolchain/avr8 gcc/native/3.4.1061/avr8-gnu-toolchain/bin/../lib/gcc/avr/4.8.1/../../../../avr/lib/avr51\libm.a(mulsf3.o)
                              main.o (__mulsf3)
c:/program files (x86)/atmel/atmel toolchain/avr8 gcc/native/3.4.1061/avr8-gnu-toolchain/bin/../lib/gcc/avr/4.8.1/../../../../avr/lib/avr51\libm.a(mulsf3x.o)
                              c:/program files (x86)/atmel/atmel toolchain/avr8 gcc/native/3.4.1061/avr8-gnu-toolchain/bin/../lib/gcc/avr/4.8.1/../../../../avr/lib/avr51\libm.a(mulsf3.o) (__mulsf3x)
c:/program files (x86)/atmel/atmel toolchain/avr8 gcc/native/3.4.1061/avr8-gnu-toolchain/bin/../lib/gcc/avr/4.8.1/../../../../avr/lib/avr51\libm.a(fp_cmp.o)
[...]
Memory Configuration

Name             Origin             Length             Attributes
text             0x00000000         0x00020000         xr
data             0x00800100         0x0000ff00         rw !x
eeprom           0x00810000         0x00010000         rw !x
fuse             0x00820000         0x00000400         rw !x
lock             0x00830000         0x00000400         rw !x
signature        0x00840000         0x00000400         rw !x
user_signatures  0x00850000         0x00000400         rw !x
*default*        0x00000000         0xffffffff

Linker script and memory map

Address of section .data set to 0x800100
LOAD c:/program files (x86)/atmel/atmel toolchain/avr8 gcc/native/3.4.1061/avr8-gnu-toolchain/bin/../lib/gcc/avr/4.8.1/../../../../avr/lib/avr51/crtm128.o
LOAD iot.o
LOAD irRemote.o
LOAD main.o
START GROUP
LOAD c:/program files (x86)/atmel/atmel toolchain/avr8 gcc/native/3.4.1061/avr8-gnu-toolchain/bin/../lib/gcc/avr/4.8.1/../../../../avr/lib/avr51\libm.a
END GROUP
LOAD c:/program files (x86)/atmel/atmel toolchain/avr8 gcc/native/3.4.1061/avr8-gnu-toolchain/bin/../lib/gcc/avr/4.8.1/avr51\libgcc.a
LOAD c:/program files (x86)/atmel/atmel toolchain/avr8 gcc/native/3.4.1061/avr8-gnu-toolchain/bin/../lib/gcc/avr/4.8.1/../../../../avr/lib/avr51\libm.a
START GROUP
LOAD c:/program files (x86)/atmel/atmel toolchain/avr8 gcc/native/3.4.1061/avr8-gnu-toolchain/bin/../lib/gcc/avr/4.8.1/avr51\libgcc.a
LOAD c:/program files (x86)/atmel/atmel toolchain/avr8 gcc/native/3.4.1061/avr8-gnu-toolchain/bin/../lib/gcc/avr/4.8.1/../../../../avr/lib/avr51\libm.a
LOAD c:/program files (x86)/atmel/atmel toolchain/avr8 gcc/native/3.4.1061/avr8-gnu-toolchain/bin/../lib/gcc/avr/4.8.1/../../../../avr/lib/avr51\libc.a
END GROUP

.hash
 *(.hash)

.dynsym
 *(.dynsym)

.dynstr
 *(.dynstr)

.gnu.version
 *(.gnu.version)

.gnu.version_d
 *(.gnu.version_d)

.gnu.version_r
 *(.gnu.version_r)

.rel.init
 *(.rel.init)

.rela.init
 *(.rela.init)

.rel.text
 *(.rel.text)
 *(.rel.text.*)
 *(.rel.gnu.linkonce.t*)

.rela.text
 *(.rela.text)
 *(.rela.text.*)
 *(.rela.gnu.linkonce.t*)

.rel.fini
 *(.rel.fini)

.rela.fini
 *(.rela.fini)

.rel.rodata
 *(.rel.rodata)
 *(.rel.rodata.*)
 *(.rel.gnu.linkonce.r*)

.rela.rodata
 *(.rela.rodata)
 *(.rela.rodata.*)
 *(.rela.gnu.linkonce.r*)

.rel.data
 *(.rel.data)
 *(.rel.data.*)
 *(.rel.gnu.linkonce.d*)

.rela.data
 *(.rela.data)
 *(.rela.data.*)
 *(.rela.gnu.linkonce.d*)

.rel.ctors
 *(.rel.ctors)

.rela.ctors
 *(.rela.ctors)

.rel.dtors
 *(.rel.dtors)

.rela.dtors
 *(.rela.dtors)

.rel.got
 *(.rel.got)

.rela.got
 *(.rela.got)

.rel.bss
 *(.rel.bss)

.rela.bss
 *(.rela.bss)

.rel.plt
 *(.rel.plt)

.rela.plt
 *(.rela.plt)

.text           0x00000000     0x73ba
 *(.vectors)
 .vectors       0x00000000       0x8c c:/program files (x86)/atmel/atmel toolchain/avr8 gcc/native/3.4.1061/avr8-gnu-toolchain/bin/../lib/gcc/avr/4.8.1/../../../../avr/lib/avr51/crtm128.o
                0x00000000                __vector_default
                0x00000000                __vectors
 *(.vectors)
 *(.progmem.gcc*)
                0x0000008c                . = ALIGN (0x2)
                0x0000008c                __trampolines_start = .
 *(.trampolines)
 .trampolines   0x0000008c        0x0 linker stubs
 *(.trampolines*)
                0x0000008c                __trampolines_end = .
 *(.progmem*)
 .progmem.data  0x0000008c       0xfa c:/program files (x86)/atmel/atmel toolchain/avr8 gcc/native/3.4.1061/avr8-gnu-toolchain/bin/../lib/gcc/avr/4.8.1/../../../../avr/lib/avr51\libc.a(ftoa_engine.o)
                0x00000186                . = ALIGN (0x2)
 *(.jumptables)
 *(.jumptables*)
 *(.lowtext)
 *(.lowtext*)
                0x00000186                __ctors_start = .
 *(.ctors)
                0x00000186                __ctors_end = .
                0x00000186                __dtors_start = .
 *(.dtors)
                0x00000186                __dtors_end = .
 SORT(*)(.ctors)
 SORT(*)(.dtors)
 *(.init0)
 .init0         0x00000186        0x0 c:/program files (x86)/atmel/atmel toolchain/avr8 gcc/native/3.4.1061/avr8-gnu-toolchain/bin/../lib/gcc/avr/4.8.1/../../../../avr/lib/avr51/crtm128.o
                0x00000186                __init
 *(.init0)
 *(.init1)
 *(.init1)
 *(.init2)
 .init2         0x00000186        0xc c:/program files (x86)/atmel/atmel toolchain/avr8 gcc/native/3.4.1061/avr8-gnu-toolchain/bin/../lib/gcc/avr/4.8.1/../../../../avr/lib/avr51/crtm128.o
 *(.init2)
 *(.init3)
 *(.init3)
 *(.init4)
 .init4         0x00000192       0x1a c:/program files (x86)/atmel/atmel toolchain/avr8 gcc/native/3.4.1061/avr8-gnu-toolchain/bin/../lib/gcc/avr/4.8.1/avr51\libgcc.a(_copy_data.o)
                0x00000192                __do_copy_data
 .init4         0x000001ac       0x10 c:/program files (x86)/atmel/atmel toolchain/avr8 gcc/native/3.4.1061/avr8-gnu-toolchain/bin/../lib/gcc/avr/4.8.1/avr51\libgcc.a(_clear_bss.o)
                0x000001ac                __do_clear_bss
 *(.init4)
 *(.init5)
 *(.init5)
 *(.init6)
 *(.init6)
 *(.init7)
 *(.init7)
 *(.init8)
 *(.init8)
 *(.init9)
 .init9         0x000001bc        0x8 c:/program files (x86)/atmel/atmel toolchain/avr8 gcc/native/3.4.1061/avr8-gnu-toolchain/bin/../lib/gcc/avr/4.8.1/../../../../avr/lib/avr51/crtm128.o
 *(.init9)
 *(.text)
 .text          0x000001c4        0x2 c:/program files (x86)/atmel/atmel toolchain/avr8 gcc/native/3.4.1061/avr8-gnu-toolchain/bin/../lib/gcc/avr/4.8.1/../../../../avr/lib/avr51/crtm128.o
                0x000001c4                __vector_22
                0x000001c4                __vector_28
                0x000001c4                __vector_1
                0x000001c4                __vector_32
                0x000001c4                __vector_34
                0x000001c4                __vector_24
                0x000001c4                __bad_interrupt
                0x000001c4                __vector_6
                0x000001c4                __vector_31
                0x000001c4                __vector_3
                0x000001c4                __vector_23
                0x000001c4                __vector_25
                0x000001c4                __vector_11
                0x000001c4                __vector_13
                0x000001c4                __vector_17
                0x000001c4                __vector_19
                0x000001c4                __vector_7
                0x000001c4                __vector_27
                0x000001c4                __vector_5
                0x000001c4                __vector_33
                0x000001c4                __vector_4
                0x000001c4                __vector_2
                0x000001c4                __vector_21
                0x000001c4                __vector_29
                0x000001c4                __vector_8
                0x000001c4                __vector_14
                0x000001c4                __vector_10
                0x000001c4                __vector_16
                0x000001c4                __vector_20
                0x000001c6                . = ALIGN (0x2)
 *(.text.*)
 .text._Znwj    0x000001c6        0x6 iot.o
                0x000001c6                _Znwj
 .text._ZN6iotPin7getpPinENS_8iotPinIdE
                0x000001cc       0x22 iot.o
                0x000001cc                _ZN6iotPin7getpPinENS_8iotPinIdE
 .text._ZN6iotPin8getpPortENS_8iotPinIdE
                0x000001ee       0x22 iot.o
                0x000001ee                _ZN6iotPin8getpPortENS_8iotPinIdE
 .text._ZN6iotPin7getpDDRENS_8iotPinIdE
                0x00000210       0x22 iot.o
                0x00000210                _ZN6iotPin7getpDDRENS_8iotPinIdE
 .text.__vector_15
                0x00000232       0x5a iot.o
                0x00000232                __vector_15
 .text.__vector_12
                0x0000028c       0x5a iot.o
                0x0000028c                __vector_12
 .text.__vector_9
                0x000002e6       0x5a iot.o
                0x000002e6                __vector_9
 .text.__vector_26
                0x00000340       0x5a iot.o
                0x00000340                __vector_26
 .text.__vector_18
                0x0000039a       0x72 iot.o
                0x0000039a                __vector_18
 .text.__vector_30
                0x0000040c       0x74 iot.o
                0x0000040c                __vector_30
 .text._ZN13iotIrReceiverC2EN8iotTimer10iotTimerIdE
                0x00000480       0xdc irRemote.o
                0x00000480                _ZN13iotIrReceiverC1EN8iotTimer10iotTimerIdE
                0x00000480                _ZN13iotIrReceiverC2EN8iotTimer10iotTimerIdE
 .text._ZN16iotIrTransmitterC2EN8iotTimer10iotTimerIdE
                0x0000055c       0xc0 irRemote.o
                0x0000055c                _ZN16iotIrTransmitterC2EN8iotTimer10iotTimerIdE
                0x0000055c                _ZN16iotIrTransmitterC1EN8iotTimer10iotTimerIdE
 .text._ZN11iotTerminal7putCharEcP6__file
                0x0000061c      0x150 main.o
                0x0000061c                _ZN11iotTerminal7putCharEcP6__file
 .text._ZN11iotTerminal11receiveLineEv
                0x0000076c      0x176 main.o
                0x0000076c                _ZN11iotTerminal11receiveLineEv
 .text._ZN8iotServo9tick10kHzEv
                0x000008e2       0x54 main.o
                0x000008e2                _ZN8iotServo9tick10kHzEv
 .text._ZN8iotClock6updateEv
                0x00000936       0x50 main.o
                0x00000936                _ZN8iotClock6updateEv
 .text._ZN13iotIrReceiver12stateMachineEv
                0x00000986      0x158 main.o
                0x00000986                _ZN13iotIrReceiver12stateMachineEv
 .text._ZL9toggleFanv
                0x00000ade       0x6c main.o
 .text._ZN11iotTerminal7getCharEP6__file
                0x00000b4a       0xb2 main.o
                0x00000b4a                _ZN11iotTerminal7getCharEP6__file
 .text._ZN10iotCharLcdC2Ev
                0x00000bfc      0xd80 main.o
                0x00000bfc                _ZN10iotCharLcdC1Ev
                0x00000bfc                _ZN10iotCharLcdC2Ev
 .text._ZN8iotServo4initEN6iotPin8iotPinIdE
                0x0000197c       0xf4 main.o
                0x0000197c                _ZN8iotServo4initEN6iotPin8iotPinIdE
 .text._ZN8iotClock9parseLineEPc
                0x00001a70      0xad0 main.o
                0x00001a70                _ZN8iotClock9parseLineEPc
 .text._ZL9parseLinePc
                0x00002540     0x10aa main.o
 .text._ZN13iotIrReceiver6enableEv
                0x000035ea      0x11e main.o
                0x000035ea                _ZN13iotIrReceiver6enableEv
 .text.main     0x00003708     0x26fe main.o
                0x00003708                main
 .text.avr-libc.fplib
                0x00005e06        0xa c:/program files (x86)/atmel/atmel toolchain/avr8 gcc/native/3.4.1061/avr8-gnu-toolchain/bin/../lib/gcc/avr/4.8.1/../../../../avr/lib/avr51\libm.a(addsf3.o)
                0x00005e06                __subsf3
                0x00005e08                __addsf3
 .text.avr-libc.fplib
                0x00005e10       0xc0 c:/program files (x86)/atmel/atmel toolchain/avr8 gcc/native/3.4.1061/avr8-gnu-toolchain/bin/../lib/gcc/avr/4.8.1/../../../../avr/lib/avr51\libm.a(addsf3x.o)
                0x00005e2a                __addsf3x
 .text.avr-libc.fplib
                0x00005ed0        0x4 c:/program files (x86)/atmel/atmel toolchain/avr8 gcc/native/3.4.1061/avr8-gnu-toolchain/bin/../lib/gcc/avr/4.8.1/../../../../avr/lib/avr51\libm.a(divsf3.o)
                0x00005ed0                __divsf3
 .text.avr-libc.fplib
                0x00005ed4       0xcc c:/program files (x86)/atmel/atmel toolchain/avr8 gcc/native/3.4.1061/avr8-gnu-toolchain/bin/../lib/gcc/avr/4.8.1/../../../../avr/lib/avr51\libm.a(divsf3x.o)
                0x00005eea                __divsf3x
                0x00005eee                __divsf3_pse
 .text.avr-libc.fplib
                0x00005fa0       0x7a c:/program files (x86)/atmel/atmel toolchain/avr8 gcc/native/3.4.1061/avr8-gnu-toolchain/bin/../lib/gcc/avr/4.8.1/../../../../avr/lib/avr51\libm.a(floatsisf.o)
                0x00005fa0                __floatunsisf
                0x00005fa4                __floatsisf
 .text.avr-libc.fplib
                0x0000601a        0xc c:/program files (x86)/atmel/atmel toolchain/avr8 gcc/native/3.4.1061/avr8-gnu-toolchain/bin/../lib/gcc/avr/4.8.1/../../../../avr/lib/avr51\libm.a(fp_inf.o)
                0x0000601a                __fp_inf
 .text.avr-libc.fplib
                0x00006026        0x6 c:/program files (x86)/atmel/atmel toolchain/avr8 gcc/native/3.4.1061/avr8-gnu-toolchain/bin/../lib/gcc/avr/4.8.1/../../../../avr/lib/avr51\libm.a(fp_nan.o)
                0x00006026                __fp_nan
 .text.avr-libc.fplib
                0x0000602c        0xe c:/program files (x86)/atmel/atmel toolchain/avr8 gcc/native/3.4.1061/avr8-gnu-toolchain/bin/../lib/gcc/avr/4.8.1/../../../../avr/lib/avr51\libm.a(fp_pscA.o)
                0x0000602c                __fp_pscA
 .text.avr-libc.fplib
                0x0000603a        0xe c:/program files (x86)/atmel/atmel toolchain/avr8 gcc/native/3.4.1061/avr8-gnu-toolchain/bin/../lib/gcc/avr/4.8.1/../../../../avr/lib/avr51\libm.a(fp_pscB.o)
                0x0000603a                __fp_pscB
 .text.avr-libc.fplib
                0x00006048       0x22 c:/program files (x86)/atmel/atmel toolchain/avr8 gcc/native/3.4.1061/avr8-gnu-toolchain/bin/../lib/gcc/avr/4.8.1/../../../../avr/lib/avr51\libm.a(fp_round.o)
                0x00006048                __fp_round
 .text.avr-libc.fplib
                0x0000606a       0x44 c:/program files (x86)/atmel/atmel toolchain/avr8 gcc/native/3.4.1061/avr8-gnu-toolchain/bin/../lib/gcc/avr/4.8.1/../../../../avr/lib/avr51\libm.a(fp_split3.o)
                0x0000606a                __fp_split3
                0x0000607a                __fp_splitA
 .text.avr-libc.fplib
                0x000060ae        0xe c:/program files (x86)/atmel/atmel toolchain/avr8 gcc/native/3.4.1061/avr8-gnu-toolchain/bin/../lib/gcc/avr/4.8.1/../../../../avr/lib/avr51\libm.a(fp_zero.o)
                0x000060ae                __fp_zero
                0x000060b0                __fp_szero
 .text.avr-libc.fplib
                0x000060bc        0x8 c:/program files (x86)/atmel/atmel toolchain/avr8 gcc/native/3.4.1061/avr8-gnu-toolchain/bin/../lib/gcc/avr/4.8.1/../../../../avr/lib/avr51\libm.a(gesf2.o)
                0x000060bc                __gesf2
                0x000060bc                __gtsf2
 .text.avr-libc.fplib
                0x000060c4        0x4 c:/program files (x86)/atmel/atmel toolchain/avr8 gcc/native/3.4.1061/avr8-gnu-toolchain/bin/../lib/gcc/avr/4.8.1/../../../../avr/lib/avr51\libm.a(mulsf3.o)
                0x000060c4                __mulsf3
 .text.avr-libc.fplib
                0x000060c8       0xc2 c:/program files (x86)/atmel/atmel toolchain/avr8 gcc/native/3.4.1061/avr8-gnu-toolchain/bin/../lib/gcc/avr/4.8.1/../../../../avr/lib/avr51\libm.a(mulsf3x.o)
                0x000060dc                __mulsf3x
                0x000060e0                __mulsf3_pse
 .text.avr-libc.fplib
                0x0000618a       0x48 c:/program files (x86)/atmel/atmel toolchain/avr8 gcc/native/3.4.1061/avr8-gnu-toolchain/bin/../lib/gcc/avr/4.8.1/../../../../avr/lib/avr51\libm.a(fp_cmp.o)
                0x0000618a                __fp_cmp
 .text.libgcc.div
                0x000061d2       0x26 c:/program files (x86)/atmel/atmel toolchain/avr8 gcc/native/3.4.1061/avr8-gnu-toolchain/bin/../lib/gcc/avr/4.8.1/avr51\libgcc.a(_divmodhi4.o)
                0x000061d2                _div
                0x000061d2                __divmodhi4
 .text.libgcc.div
                0x000061f8       0x28 c:/program files (x86)/atmel/atmel toolchain/avr8 gcc/native/3.4.1061/avr8-gnu-toolchain/bin/../lib/gcc/avr/4.8.1/avr51\libgcc.a(_divmodsi4.o)
                0x000061f8                __divmodsi4
 .text.libgcc.div
                0x00006220       0x10 c:/program files (x86)/atmel/atmel toolchain/avr8 gcc/native/3.4.1061/avr8-gnu-toolchain/bin/../lib/gcc/avr/4.8.1/avr51\libgcc.a(_negsi2.o)
                0x00006220                __negsi2
 .text.libgcc.mul
                0x00006230        0xc c:/program files (x86)/atmel/atmel toolchain/avr8 gcc/native/3.4.1061/avr8-gnu-toolchain/bin/../lib/gcc/avr/4.8.1/avr51\libgcc.a(_usmulhisi3.o)
                0x00006230                __usmulhisi3
                0x00006232                __usmulhisi3_tail
 .text.libgcc.mul
                0x0000623c        0xc c:/program files (x86)/atmel/atmel toolchain/avr8 gcc/native/3.4.1061/avr8-gnu-toolchain/bin/../lib/gcc/avr/4.8.1/avr51\libgcc.a(_mulshisi3.o)
                0x0000623c                __mulshisi3
                0x00006240                __mulohisi3
 .text.libgcc.div
                0x00006248       0x28 c:/program files (x86)/atmel/atmel toolchain/avr8 gcc/native/3.4.1061/avr8-gnu-toolchain/bin/../lib/gcc/avr/4.8.1/avr51\libgcc.a(_udivmodhi4.o)
                0x00006248                __udivmodhi4
 .text.libgcc.div
                0x00006270       0x44 c:/program files (x86)/atmel/atmel toolchain/avr8 gcc/native/3.4.1061/avr8-gnu-toolchain/bin/../lib/gcc/avr/4.8.1/avr51\libgcc.a(_udivmodsi4.o)
                0x00006270                __udivmodsi4
 .text.libgcc.mul
                0x000062b4       0x1e c:/program files (x86)/atmel/atmel toolchain/avr8 gcc/native/3.4.1061/avr8-gnu-toolchain/bin/../lib/gcc/avr/4.8.1/avr51\libgcc.a(_umulhisi3.o)
                0x000062b4                __umulhisi3
 .text.libgcc.mul
                0x000062d2       0x14 c:/program files (x86)/atmel/atmel toolchain/avr8 gcc/native/3.4.1061/avr8-gnu-toolchain/bin/../lib/gcc/avr/4.8.1/avr51\libgcc.a(_muluhisi3.o)
                0x000062d2                __muluhisi3
 .text.avr-libc
                0x000062e6       0x40 c:/program files (x86)/atmel/atmel toolchain/avr8 gcc/native/3.4.1061/avr8-gnu-toolchain/bin/../lib/gcc/avr/4.8.1/../../../../avr/lib/avr51\libc.a(dtostrf.o)
                0x000062e6                dtostrf
 .text.avr-libc
                0x00006326      0x24e c:/program files (x86)/atmel/atmel toolchain/avr8 gcc/native/3.4.1061/avr8-gnu-toolchain/bin/../lib/gcc/avr/4.8.1/../../../../avr/lib/avr51\libc.a(malloc.o)
                0x00006326                malloc
                0x00006456                free
 .text.avr-libc
                0x00006574      0x222 c:/program files (x86)/atmel/atmel toolchain/avr8 gcc/native/3.4.1061/avr8-gnu-toolchain/bin/../lib/gcc/avr/4.8.1/../../../../avr/lib/avr51\libc.a(strtoul.o)
                0x00006574                strtoul
 .text.avr-libc
                0x00006796       0x3a c:/program files (x86)/atmel/atmel toolchain/avr8 gcc/native/3.4.1061/avr8-gnu-toolchain/bin/../lib/gcc/avr/4.8.1/../../../../avr/lib/avr51\libc.a(atoi.o)
                0x00006796                atoi
 .text.avr-libc
                0x000067d0       0x12 c:/program files (x86)/atmel/atmel toolchain/avr8 gcc/native/3.4.1061/avr8-gnu-toolchain/bin/../lib/gcc/avr/4.8.1/../../../../avr/lib/avr51\libc.a(isalpha.o)
                0x000067d0                isupper
                0x000067d4                isalpha
                0x000067d6                islower
 .text.avr-libc
                0x000067e2       0x10 c:/program files (x86)/atmel/atmel toolchain/avr8 gcc/native/3.4.1061/avr8-gnu-toolchain/bin/../lib/gcc/avr/4.8.1/../../../../avr/lib/avr51\libc.a(isspace.o)
                0x000067e2                isspace
 .text.avr-libc
                0x000067f2       0x10 c:/program files (x86)/atmel/atmel toolchain/avr8 gcc/native/3.4.1061/avr8-gnu-toolchain/bin/../lib/gcc/avr/4.8.1/../../../../avr/lib/avr51\libc.a(tolower.o)
                0x000067f2                tolower
 .text.avr-libc
                0x00006802        0xe c:/program files (x86)/atmel/atmel toolchain/avr8 gcc/native/3.4.1061/avr8-gnu-toolchain/bin/../lib/gcc/avr/4.8.1/../../../../avr/lib/avr51\libc.a(strcpy.o)
                0x00006802                strcpy
 .text.avr-libc
                0x00006810       0x30 c:/program files (x86)/atmel/atmel toolchain/avr8 gcc/native/3.4.1061/avr8-gnu-toolchain/bin/../lib/gcc/avr/4.8.1/../../../../avr/lib/avr51\libc.a(strncasecmp.o)
                0x00006810                strncasecmp
 .text.avr-libc
                0x00006840       0x1c c:/program files (x86)/atmel/atmel toolchain/avr8 gcc/native/3.4.1061/avr8-gnu-toolchain/bin/../lib/gcc/avr/4.8.1/../../../../avr/lib/avr51\libc.a(strncmp.o)
                0x00006840                strncmp
 .text.avr-libc
                0x0000685c       0x10 c:/program files (x86)/atmel/atmel toolchain/avr8 gcc/native/3.4.1061/avr8-gnu-toolchain/bin/../lib/gcc/avr/4.8.1/../../../../avr/lib/avr51\libc.a(mul10.o)
                0x0000685c                __mulhi_const_10
 .text.avr-libc
                0x0000686c       0x94 c:/program files (x86)/atmel/atmel toolchain/avr8 gcc/native/3.4.1061/avr8-gnu-toolchain/bin/../lib/gcc/avr/4.8.1/../../../../avr/lib/avr51\libc.a(fdevopen.o)
                0x0000686c                fdevopen
 .text.avr-libc
                0x00006900       0x22 c:/program files (x86)/atmel/atmel toolchain/avr8 gcc/native/3.4.1061/avr8-gnu-toolchain/bin/../lib/gcc/avr/4.8.1/../../../../avr/lib/avr51\libc.a(printf.o)
                0x00006900                printf
 .text.avr-libc
                0x00006922       0x5a c:/program files (x86)/atmel/atmel toolchain/avr8 gcc/native/3.4.1061/avr8-gnu-toolchain/bin/../lib/gcc/avr/4.8.1/../../../../avr/lib/avr51\libc.a(puts.o)
                0x00006922                puts
 .text.avr-libc
                0x0000697c      0x3dc c:/program files (x86)/atmel/atmel toolchain/avr8 gcc/native/3.4.1061/avr8-gnu-toolchain/bin/../lib/gcc/avr/4.8.1/../../../../avr/lib/avr51\libc.a(vfprintf_std.o)
                0x0000697c                vfprintf
 .text.avr-libc
                0x00006d58       0x34 c:/program files (x86)/atmel/atmel toolchain/avr8 gcc/native/3.4.1061/avr8-gnu-toolchain/bin/../lib/gcc/avr/4.8.1/../../../../avr/lib/avr51\libc.a(calloc.o)
                0x00006d58                calloc
 .text.avr-libc
                0x00006d8c      0x2fa c:/program files (x86)/atmel/atmel toolchain/avr8 gcc/native/3.4.1061/avr8-gnu-toolchain/bin/../lib/gcc/avr/4.8.1/../../../../avr/lib/avr51\libc.a(dtoa_prf.o)
                0x00006d8c                dtoa_prf
 .text.avr-libc
                0x00007086      0x1b0 c:/program files (x86)/atmel/atmel toolchain/avr8 gcc/native/3.4.1061/avr8-gnu-toolchain/bin/../lib/gcc/avr/4.8.1/../../../../avr/lib/avr51\libc.a(ftoa_engine.o)
                0x00007086                __ftoa_engine
 .text.avr-libc
                0x00007236        0x6 c:/program files (x86)/atmel/atmel toolchain/avr8 gcc/native/3.4.1061/avr8-gnu-toolchain/bin/../lib/gcc/avr/4.8.1/../../../../avr/lib/avr51\libc.a(cty_isfalse.o)
                0x00007236                __ctype_isfalse
                0x0000723a                __ctype_istrue
 .text.avr-libc
                0x0000723c       0x16 c:/program files (x86)/atmel/atmel toolchain/avr8 gcc/native/3.4.1061/avr8-gnu-toolchain/bin/../lib/gcc/avr/4.8.1/../../../../avr/lib/avr51\libc.a(strnlen_P.o)
                0x0000723c                strnlen_P
 .text.avr-libc
                0x00007252        0xe c:/program files (x86)/atmel/atmel toolchain/avr8 gcc/native/3.4.1061/avr8-gnu-toolchain/bin/../lib/gcc/avr/4.8.1/../../../../avr/lib/avr51\libc.a(memset.o)
                0x00007252                memset
 .text.avr-libc
                0x00007260       0x16 c:/program files (x86)/atmel/atmel toolchain/avr8 gcc/native/3.4.1061/avr8-gnu-toolchain/bin/../lib/gcc/avr/4.8.1/../../../../avr/lib/avr51\libc.a(strnlen.o)
                0x00007260                strnlen
 .text.avr-libc
                0x00007276       0x64 c:/program files (x86)/atmel/atmel toolchain/avr8 gcc/native/3.4.1061/avr8-gnu-toolchain/bin/../lib/gcc/avr/4.8.1/../../../../avr/lib/avr51\libc.a(fputc.o)
                0x00007276                fputc
 .text.avr-libc
                0x000072da       0xbc c:/program files (x86)/atmel/atmel toolchain/avr8 gcc/native/3.4.1061/avr8-gnu-toolchain/bin/../lib/gcc/avr/4.8.1/../../../../avr/lib/avr51\libc.a(ultoa_invert.o)
                0x000072da                __ultoa_invert
 .text.libgcc.mul
                0x00007396       0x20 c:/program files (x86)/atmel/atmel toolchain/avr8 gcc/native/3.4.1061/avr8-gnu-toolchain/bin/../lib/gcc/avr/4.8.1/avr51\libgcc.a(_mulsi3.o)
                0x00007396                __mulsi3
                0x000073b6                . = ALIGN (0x2)
 *(.fini9)
 .fini9         0x000073b6        0x0 c:/program files (x86)/atmel/atmel toolchain/avr8 gcc/native/3.4.1061/avr8-gnu-toolchain/bin/../lib/gcc/avr/4.8.1/avr51\libgcc.a(_exit.o)
                0x000073b6                _exit
                0x000073b6                exit
 *(.fini9)
 *(.fini8)
 *(.fini8)
 *(.fini7)
 *(.fini7)
 *(.fini6)
 *(.fini6)
 *(.fini5)
 *(.fini5)
 *(.fini4)
 *(.fini4)
 *(.fini3)
 *(.fini3)
 *(.fini2)
 *(.fini2)
 *(.fini1)
 *(.fini1)
 *(.fini0)
 .fini0         0x000073b6        0x4 c:/program files (x86)/atmel/atmel toolchain/avr8 gcc/native/3.4.1061/avr8-gnu-toolchain/bin/../lib/gcc/avr/4.8.1/avr51\libgcc.a(_exit.o)
 *(.fini0)
                0x000073ba                _etext = .

.data           0x00800100      0x302 load address 0x000073ba
                0x00800100                PROVIDE (__data_start, .)
 *(.data)
 .data          0x00800100        0x6 c:/program files (x86)/atmel/atmel toolchain/avr8 gcc/native/3.4.1061/avr8-gnu-toolchain/bin/../lib/gcc/avr/4.8.1/../../../../avr/lib/avr51\libc.a(malloc.o)
                0x00800100                __malloc_heap_end
                0x00800102                __malloc_heap_start
                0x00800104                __malloc_margin
 *(.data*)
 .data._ZN8iotClock7lcdmodeE
                0x00800106        0x1 iot.o
                0x00800106                _ZN8iotClock7lcdmodeE
 .data._ZN8iotClock10iMonthDaysE
                0x00800107        0xc iot.o
                0x00800107                _ZN8iotClock10iMonthDaysE
 .data._ZN8iotClock6iMonthE
                0x00800113       0x18 iot.o
                0x00800113                _ZN8iotClock6iMonthE
 .data._ZN8iotClock9iYearDaysE
                0x0080012b        0x2 iot.o
                0x0080012b                _ZN8iotClock9iYearDaysE
 .data._ZN8iotClock4iRowE
                0x0080012d        0x1 iot.o
                0x0080012d                _ZN8iotClock4iRowE
 .data._ZN8iotClock12iMonDyHrMnScE
                0x0080012e       0x10 iot.o
                0x0080012e                _ZN8iotClock12iMonDyHrMnScE
 .data._ZN8iotServo6iAngleE
                0x0080013e        0x2 iot.o
                0x0080013e                _ZN8iotServo6iAngleE
 .data._ZN11iotTerminal5iLineE
                0x00800140        0x2 iot.o
                0x00800140                _ZN11iotTerminal5iLineE
 .data._ZN6iotPin4pDDRE
                0x00800142        0xe iot.o
                0x00800142                _ZN6iotPin4pDDRE
 .data._ZN6iotPin5pPortE
                0x00800150        0xe iot.o
                0x00800150                _ZN6iotPin5pPortE
 .data._ZN6iotPin4pPinE
                0x0080015e        0xe iot.o
                0x0080015e                _ZN6iotPin4pPinE
 *(.rodata)
 *(.rodata*)
 .rodata.str1.1
                0x0080016c       0x30 iot.o
 .rodata.str1.1
                0x0080019c      0x266 main.o
                                0x272 (size before relaxing)
 *(.gnu.linkonce.d*)
                0x00800402                . = ALIGN (0x2)
                0x00800402                _edata = .
                0x00800402                PROVIDE (__data_end, .)

.bss            0x00800402      0x356
                0x00800402                PROVIDE (__bss_start, .)
 *(.bss)
 *(.bss*)
 .bss._ZN9iotSubLed8iPinMaskE
                0x00800402        0x1 iot.o
                0x00800402                _ZN9iotSubLed8iPinMaskE
 .bss._ZN9iotSubLed6ipPortE
                0x00800403        0x2 iot.o
                0x00800403                _ZN9iotSubLed6ipPortE
 .bss._ZN6iotLed8iPinMaskE
                0x00800405        0x1 iot.o
                0x00800405                _ZN6iotLed8iPinMaskE
 .bss._ZN6iotLed6ipPortE
                0x00800406        0x2 iot.o
                0x00800406                _ZN6iotLed6ipPortE
 .bss._ZN8iotClock9iScheduleE
                0x00800408      0x122 iot.o
                0x00800408                _ZN8iotClock9iScheduleE
 .bss._ZN8iotClock15iCharLcdCreatedE
                0x0080052a        0x1 iot.o
                0x0080052a                _ZN8iotClock15iCharLcdCreatedE
 .bss._ZN8iotClock6iFlushE
                0x0080052b        0x1 iot.o
                0x0080052b                _ZN8iotClock6iFlushE
 .bss._ZN8iotClock8iCharLcdE
                0x0080052c        0x2 iot.o
                0x0080052c                _ZN8iotClock8iCharLcdE
 .bss._ZN8iotClock8iSecondsE
                0x0080052e        0x4 iot.o
                0x0080052e                _ZN8iotClock8iSecondsE
 .bss._ZN8iotClock6iTimerE
                0x00800532        0x2 iot.o
                0x00800532                _ZN8iotClock6iTimerE
 .bss._ZN8iotServo8iPinMaskE
                0x00800534        0x1 iot.o
                0x00800534                _ZN8iotServo8iPinMaskE
 .bss._ZN8iotServo6ipPortE
                0x00800535        0x2 iot.o
                0x00800535                _ZN8iotServo6ipPortE
 .bss._ZN8iotServo11in10kCyclesE
                0x00800537        0x2 iot.o
                0x00800537                _ZN8iotServo11in10kCyclesE
 .bss._ZN8iotServo6iTimerE
                0x00800539        0x2 iot.o
                0x00800539                _ZN8iotServo6iTimerE
 .bss._ZN6iotDht8iTriggerE
                0x0080053b       0xa8 iot.o
                0x0080053b                _ZN6iotDht8iTriggerE
 .bss._ZN11iotTerminal6iQueueE
                0x008005e3       0xc8 iot.o
                0x008005e3                _ZN11iotTerminal6iQueueE
 .bss._ZN11iotTerminal5iTailE
                0x008006ab        0x1 iot.o
                0x008006ab                _ZN11iotTerminal5iTailE
 .bss._ZN11iotTerminal5iHeadE
                0x008006ac        0x1 iot.o
                0x008006ac                _ZN11iotTerminal5iHeadE
 .bss._ZN11iotTerminal8iCurCharE
                0x008006ad        0x2 iot.o
                0x008006ad                _ZN11iotTerminal8iCurCharE
 .bss._ZN11iotTerminal12iLineToParseE
                0x008006af        0x2 iot.o
                0x008006af                _ZN11iotTerminal12iLineToParseE
 .bss._ZN11iotTerminal6iLine2E
                0x008006b1       0x32 iot.o
                0x008006b1                _ZN11iotTerminal6iLine2E
 .bss._ZN11iotTerminal6iLine1E
                0x008006e3       0x32 iot.o
                0x008006e3                _ZN11iotTerminal6iLine1E
 .bss._ZN11iotTerminal5iUartE
                0x00800715        0x2 iot.o
                0x00800715                _ZN11iotTerminal5iUartE
 .bss._ZN7iotUart12irx1CallbackE
                0x00800717        0x2 iot.o
                0x00800717                _ZN7iotUart12irx1CallbackE
 .bss._ZN7iotUart12irx0CallbackE
                0x00800719        0x2 iot.o
                0x00800719                _ZN7iotUart12irx0CallbackE
 .bss._ZN7iotUart8irx1BuffE
                0x0080071b        0x2 iot.o
                0x0080071b                _ZN7iotUart8irx1BuffE
 .bss._ZN7iotUart8itx1BuffE
                0x0080071d        0x2 iot.o
                0x0080071d                _ZN7iotUart8itx1BuffE
 .bss._ZN7iotUart8irx1TailE
                0x0080071f        0x1 iot.o
                0x0080071f                _ZN7iotUart8irx1TailE
 .bss._ZN7iotUart8irx1HeadE
                0x00800720        0x1 iot.o
                0x00800720                _ZN7iotUart8irx1HeadE
 .bss._ZN7iotUart8itx1TailE
                0x00800721        0x1 iot.o
                0x00800721                _ZN7iotUart8itx1TailE
 .bss._ZN7iotUart8itx1HeadE
                0x00800722        0x1 iot.o
                0x00800722                _ZN7iotUart8itx1HeadE
 .bss._ZN7iotUart8irx0BuffE
                0x00800723        0x2 iot.o
                0x00800723                _ZN7iotUart8irx0BuffE
 .bss._ZN7iotUart8itx0BuffE
                0x00800725        0x2 iot.o
                0x00800725                _ZN7iotUart8itx0BuffE
 .bss._ZN7iotUart8irx0TailE
                0x00800727        0x1 iot.o
                0x00800727                _ZN7iotUart8irx0TailE
 .bss._ZN7iotUart8irx0HeadE
                0x00800728        0x1 iot.o
                0x00800728                _ZN7iotUart8irx0HeadE
 .bss._ZN7iotUart8itx0TailE
                0x00800729        0x1 iot.o
                0x00800729                _ZN7iotUart8itx0TailE
 .bss._ZN7iotUart8itx0HeadE
                0x0080072a        0x1 iot.o
                0x0080072a                _ZN7iotUart8itx0HeadE
 .bss._ZN8iotTimer10iCallback3E
                0x0080072b        0x2 iot.o
                0x0080072b                _ZN8iotTimer10iCallback3E
 .bss._ZN8iotTimer10iCallback2E
                0x0080072d        0x2 iot.o
                0x0080072d                _ZN8iotTimer10iCallback2E
 .bss._ZN8iotTimer10iCallback1E
                0x0080072f        0x2 iot.o
                0x0080072f                _ZN8iotTimer10iCallback1E
 .bss._ZN8iotTimer10iCallback0E
                0x00800731        0x2 iot.o
                0x00800731                _ZN8iotTimer10iCallback0E
 .bss._ZN16iotIrTransmitter6iTimerE
                0x00800733        0x2 irRemote.o
                0x00800733                _ZN16iotIrTransmitter6iTimerE
 .bss._ZN13iotIrReceiver6iTimerE
                0x00800735        0x2 irRemote.o
                0x00800735                _ZN13iotIrReceiver6iTimerE
 .bss._ZN13iotIrReceiver8iDecoderE
                0x00800737        0x2 irRemote.o
                0x00800737                _ZN13iotIrReceiver8iDecoderE
 .bss.lcdon     0x00800739        0x2 main.o
                0x00800739                lcdon
 .bss._ZL8FanSpeed
                0x0080073b        0x2 main.o
 .bss._ZL8FanState
                0x0080073d        0x1 main.o
 .bss._ZL8FanCount
                0x0080073e        0x2 main.o
 .bss._ZL8FanTimer
                0x00800740        0x2 main.o
 .bss.dec       0x00800742        0x2 main.o
                0x00800742                dec
 .bss.IrTrans   0x00800744        0x2 main.o
                0x00800744                IrTrans
 .bss.IrRecv    0x00800746        0x2 main.o
                0x00800746                IrRecv
 .bss._ZL3Dht   0x00800748        0x2 main.o
 .bss._ZL7CharLcd
                0x0080074a        0x2 main.o
 *(COMMON)
 COMMON         0x0080074c        0x4 c:/program files (x86)/atmel/atmel toolchain/avr8 gcc/native/3.4.1061/avr8-gnu-toolchain/bin/../lib/gcc/avr/4.8.1/../../../../avr/lib/avr51\libc.a(malloc.o)
                0x0080074c                __brkval
                0x0080074e                __flp
 COMMON         0x00800750        0x6 c:/program files (x86)/atmel/atmel toolchain/avr8 gcc/native/3.4.1061/avr8-gnu-toolchain/bin/../lib/gcc/avr/4.8.1/../../../../avr/lib/avr51\libc.a(iob.o)
                0x00800750                __iob
 COMMON         0x00800756        0x2 c:/program files (x86)/atmel/atmel toolchain/avr8 gcc/native/3.4.1061/avr8-gnu-toolchain/bin/../lib/gcc/avr/4.8.1/../../../../avr/lib/avr51\libc.a(errno.o)
                0x00800756                errno
                0x00800758                PROVIDE (__bss_end, .)
                0x000073ba                __data_load_start = LOADADDR (.data)
                0x000076bc                __data_load_end = (__data_load_start + SIZEOF (.data))

.noinit         0x00800758        0x0
                0x00800758                PROVIDE (__noinit_start, .)
 *(.noinit*)
                0x00800758                PROVIDE (__noinit_end, .)
                0x00800758                _end = .
                0x00800758                PROVIDE (__heap_start, .)

.eeprom         0x00810000        0x0
 *(.eeprom*)
                0x00810000                __eeprom_end = .

.fuse
 *(.fuse)
 *(.lfuse)
 *(.hfuse)
 *(.efuse)

.lock
 *(.lock*)

.signature
 *(.signature*)

.user_signatures
 *(.user_signatures*)

.stab
 *(.stab)

.stabstr
 *(.stabstr)

.stab.excl
 *(.stab.excl)

.stab.exclstr
 *(.stab.exclstr)

.stab.index
 *(.stab.index)

.stab.indexstr
 *(.stab.indexstr)

.comment        0x00000000       0x5c
 *(.comment)
 .comment       0x00000000       0x30 iot.o
                                 0x31 (size before relaxing)
 .comment       0x00000000       0x31 irRemote.o
 .comment       0x00000000       0x31 main.o
 .comment       0x00000000       0x31 c:/program files (x86)/atmel/atmel toolchain/avr8 gcc/native/3.4.1061/avr8-gnu-toolchain/bin/../lib/gcc/avr/4.8.1/../../../../avr/lib/avr51\libc.a(dtostrf.o)
 .comment       0x00000000       0x31 c:/program files (x86)/atmel/atmel toolchain/avr8 gcc/native/3.4.1061/avr8-gnu-toolchain/bin/../lib/gcc/avr/4.8.1/../../../../avr/lib/avr51\libc.a(malloc.o)
 .comment       0x00000000       0x31 c:/program files (x86)/atmel/atmel toolchain/avr8 gcc/native/3.4.1061/avr8-gnu-toolchain/bin/../lib/gcc/avr/4.8.1/../../../../avr/lib/avr51\libc.a(strtoul.o)
 .comment       0x00000000       0x31 c:/program files (x86)/atmel/atmel toolchain/avr8 gcc/native/3.4.1061/avr8-gnu-toolchain/bin/../lib/gcc/avr/4.8.1/../../../../avr/lib/avr51\libc.a(fdevopen.o)
 .comment       0x00000000       0x31 c:/program files (x86)/atmel/atmel toolchain/avr8 gcc/native/3.4.1061/avr8-gnu-toolchain/bin/../lib/gcc/avr/4.8.1/../../../../avr/lib/avr51\libc.a(iob.o)
 .comment       0x00000000       0x31 c:/program files (x86)/atmel/atmel toolchain/avr8 gcc/native/3.4.1061/avr8-gnu-toolchain/bin/../lib/gcc/avr/4.8.1/../../../../avr/lib/avr51\libc.a(printf.o)
 .comment       0x00000000       0x31 c:/program files (x86)/atmel/atmel toolchain/avr8 gcc/native/3.4.1061/avr8-gnu-toolchain/bin/../lib/gcc/avr/4.8.1/../../../../avr/lib/avr51\libc.a(puts.o)
 .comment       0x00000030       0x2c c:/program files (x86)/atmel/atmel toolchain/avr8 gcc/native/3.4.1061/avr8-gnu-toolchain/bin/../lib/gcc/avr/4.8.1/../../../../avr/lib/avr51\libc.a(vfprintf_std.o)
                                 0x2d (size before relaxing)
 .comment       0x00000000       0x31 c:/program files (x86)/atmel/atmel toolchain/avr8 gcc/native/3.4.1061/avr8-gnu-toolchain/bin/../lib/gcc/avr/4.8.1/../../../../avr/lib/avr51\libc.a(calloc.o)
 .comment       0x00000000       0x2d c:/program files (x86)/atmel/atmel toolchain/avr8 gcc/native/3.4.1061/avr8-gnu-toolchain/bin/../lib/gcc/avr/4.8.1/../../../../avr/lib/avr51\libc.a(errno.o)
 .comment       0x00000000       0x31 c:/program files (x86)/atmel/atmel toolchain/avr8 gcc/native/3.4.1061/avr8-gnu-toolchain/bin/../lib/gcc/avr/4.8.1/../../../../avr/lib/avr51\libc.a(dtoa_prf.o)
 .comment       0x00000000       0x31 c:/program files (x86)/atmel/atmel toolchain/avr8 gcc/native/3.4.1061/avr8-gnu-toolchain/bin/../lib/gcc/avr/4.8.1/../../../../avr/lib/avr51\libc.a(fputc.o)

.note.gnu.build-id
 *(.note.gnu.build-id)

.debug
 *(.debug)

.line
 *(.line)

.debug_srcinfo
 *(.debug_srcinfo)

.debug_sfnames
 *(.debug_sfnames)

.debug_aranges  0x00000000      0x160
 *(.debug_aranges)
 .debug_aranges
                0x00000000       0xa8 iot.o
 .debug_aranges
                0x000000a8       0x38 irRemote.o
 .debug_aranges
                0x000000e0       0x80 main.o

.debug_pubnames
 *(.debug_pubnames)

.debug_info     0x00000000     0x8d4f
 *(.debug_info .gnu.linkonce.wi.*)
 .debug_info    0x00000000     0x1e3c iot.o
 .debug_info    0x00001e3c      0xaf0 irRemote.o
 .debug_info    0x0000292c     0x6423 main.o

.debug_abbrev   0x00000000      0xff6
 *(.debug_abbrev)
 .debug_abbrev  0x00000000      0x4ef iot.o
 .debug_abbrev  0x000004ef      0x350 irRemote.o
 .debug_abbrev  0x0000083f      0x7b7 main.o

.debug_line     0x00000000     0x2cca
 *(.debug_line .debug_line.* .debug_line_end)
 .debug_line    0x00000000      0x3bd iot.o
 .debug_line    0x000003bd      0x350 irRemote.o
 .debug_line    0x0000070d     0x25bd main.o

.debug_frame    0x00000000      0x538
 *(.debug_frame)
 .debug_frame   0x00000000      0x2a4 iot.o
 .debug_frame   0x000002a4       0x64 irRemote.o
 .debug_frame   0x00000308      0x230 main.o

.debug_str      0x00000000     0x261a
 *(.debug_str)
 .debug_str     0x00000000     0x1ea2 iot.o
                               0x1f40 (size before relaxing)
 .debug_str     0x00001ea2      0x585 irRemote.o
                                0xa22 (size before relaxing)
 .debug_str     0x00002427      0x1f3 main.o
                               0x19a5 (size before relaxing)

.debug_loc      0x00000000     0x55c4
 *(.debug_loc)
 .debug_loc     0x00000000      0x5f6 iot.o
 .debug_loc     0x000005f6      0x236 irRemote.o
 .debug_loc     0x0000082c     0x4d98 main.o

.debug_macinfo
 *(.debug_macinfo)

.debug_weaknames
 *(.debug_weaknames)

.debug_funcnames
 *(.debug_funcnames)

.debug_typenames
 *(.debug_typenames)

.debug_varnames
 *(.debug_varnames)

.debug_pubtypes
 *(.debug_pubtypes)

.debug_ranges   0x00000000      0xa38
 *(.debug_ranges)
 .debug_ranges  0x00000000       0x98 iot.o
 .debug_ranges  0x00000098       0x28 irRemote.o
 .debug_ranges  0x000000c0      0x978 main.o

.debug_macro
 *(.debug_macro)
OUTPUT(iot.elf elf32-avr)
LOAD linker stubs
